Archive member included because of file (symbol)

c:\Users\BearRiverRobotics1\AppData\Roaming\Code\User\globalStorage\vexrobotics.vexcode\sdk\cpp\V5\V5_20240802_15_00_00/vexv5\libv5rt.a(v5_startup.c.obj)
                              (vexStartup)
c:\Users\BearRiverRobotics1\AppData\Roaming\Code\User\globalStorage\vexrobotics.vexcode\sdk\cpp\V5\V5_20240802_15_00_00/vexv5\libv5rt.a(v5_util.c.obj)
                              c:\Users\BearRiverRobotics1\AppData\Roaming\Code\User\globalStorage\vexrobotics.vexcode\sdk\cpp\V5\V5_20240802_15_00_00/vexv5\libv5rt.a(v5_startup.c.obj) (vexStdlibVersionLinked)
c:\Users\BearRiverRobotics1\AppData\Roaming\Code\User\globalStorage\vexrobotics.vexcode\sdk\cpp\V5\V5_20240802_15_00_00/vexv5\libv5rt.a(v5_apijump.c.obj)
                              c:\Users\BearRiverRobotics1\AppData\Roaming\Code\User\globalStorage\vexrobotics.vexcode\sdk\cpp\V5\V5_20240802_15_00_00/vexv5\libv5rt.a(v5_startup.c.obj) (vexPrivateApiEnable)
c:\Users\BearRiverRobotics1\AppData\Roaming\Code\User\globalStorage\vexrobotics.vexcode\sdk\cpp\V5\V5_20240802_15_00_00/vexv5\libv5rt.a(v5_apiversions.c.obj)
                              c:\Users\BearRiverRobotics1\AppData\Roaming\Code\User\globalStorage\vexrobotics.vexcode\sdk\cpp\V5\V5_20240802_15_00_00/vexv5\libv5rt.a(v5_apijump.c.obj) (vexSystemVersion)
c:\Users\BearRiverRobotics1\AppData\Roaming\Code\User\globalStorage\vexrobotics.vexcode\sdk\cpp\V5\V5_20240802_15_00_00/vexv5\libv5rt.a(vex_global.cpp.obj)
                              build/src/main.o (vex::wait(double, vex::timeUnits))
c:\Users\BearRiverRobotics1\AppData\Roaming\Code\User\globalStorage\vexrobotics.vexcode\sdk\cpp\V5\V5_20240802_15_00_00/vexv5\libv5rt.a(vex_motor.cpp.obj)
                              build/src/robot-config.o (vex::motor::~motor())
c:\Users\BearRiverRobotics1\AppData\Roaming\Code\User\globalStorage\vexrobotics.vexcode\sdk\cpp\V5\V5_20240802_15_00_00/vexv5\libv5rt.a(vex_imu.cpp.obj)
                              build/src/robot-config.o (vex::inertial::~inertial())
c:\Users\BearRiverRobotics1\AppData\Roaming\Code\User\globalStorage\vexrobotics.vexcode\sdk\cpp\V5\V5_20240802_15_00_00/vexv5\libv5rt.a(vex_rotation.cpp.obj)
                              build/src/robot-config.o (vex::rotation::~rotation())
c:\Users\BearRiverRobotics1\AppData\Roaming\Code\User\globalStorage\vexrobotics.vexcode\sdk\cpp\V5\V5_20240802_15_00_00/vexv5\libv5rt.a(vex_optical.cpp.obj)
                              build/src/robot-config.o (vex::optical::~optical())
c:\Users\BearRiverRobotics1\AppData\Roaming\Code\User\globalStorage\vexrobotics.vexcode\sdk\cpp\V5\V5_20240802_15_00_00/vexv5\libv5rt.a(vex_controller.cpp.obj)
                              build/src/robot-config.o (vex::controller::~controller())
c:\Users\BearRiverRobotics1\AppData\Roaming\Code\User\globalStorage\vexrobotics.vexcode\sdk\cpp\V5\V5_20240802_15_00_00/vexv5\libv5rt.a(vex_task.cpp.obj)
                              build/src/usercontrol.o (vex::task::task(int (*)()))
c:\Users\BearRiverRobotics1\AppData\Roaming\Code\User\globalStorage\vexrobotics.vexcode\sdk\cpp\V5\V5_20240802_15_00_00/vexv5\libv5rt.a(vex_thread.cpp.obj)
                              c:\Users\BearRiverRobotics1\AppData\Roaming\Code\User\globalStorage\vexrobotics.vexcode\sdk\cpp\V5\V5_20240802_15_00_00/vexv5\libv5rt.a(vex_global.cpp.obj) (vex::this_thread::sleep_for(unsigned long))
c:\Users\BearRiverRobotics1\AppData\Roaming\Code\User\globalStorage\vexrobotics.vexcode\sdk\cpp\V5\V5_20240802_15_00_00/vexv5\libv5rt.a(vex_event.cpp.obj)
                              c:\Users\BearRiverRobotics1\AppData\Roaming\Code\User\globalStorage\vexrobotics.vexcode\sdk\cpp\V5\V5_20240802_15_00_00/vexv5\libv5rt.a(vex_imu.cpp.obj) (vex::event::init(unsigned long, unsigned long, void (*)()))
c:\Users\BearRiverRobotics1\AppData\Roaming\Code\User\globalStorage\vexrobotics.vexcode\sdk\cpp\V5\V5_20240802_15_00_00/vexv5\libv5rt.a(vex_mevent.cpp.obj)
                              c:\Users\BearRiverRobotics1\AppData\Roaming\Code\User\globalStorage\vexrobotics.vexcode\sdk\cpp\V5\V5_20240802_15_00_00/vexv5\libv5rt.a(vex_controller.cpp.obj) (vex::mevent::mevent(unsigned long, unsigned long))
c:\Users\BearRiverRobotics1\AppData\Roaming\Code\User\globalStorage\vexrobotics.vexcode\sdk\cpp\V5\V5_20240802_15_00_00/vexv5\libv5rt.a(vex_brain.cpp.obj)
                              build/src/auton_selector.o (vex::brain::lcd::setCursor(long, long))
c:\Users\BearRiverRobotics1\AppData\Roaming\Code\User\globalStorage\vexrobotics.vexcode\sdk\cpp\V5\V5_20240802_15_00_00/vexv5\libv5rt.a(vex_competition.cpp.obj)
                              build/src/main.o (vex::competition::competition())
c:\Users\BearRiverRobotics1\AppData\Roaming\Code\User\globalStorage\vexrobotics.vexcode\sdk\cpp\V5\V5_20240802_15_00_00/vexv5\libv5rt.a(vex_triport.cpp.obj)
[...]
Memory Configuration

Name             Origin             Length             Attributes
ps7_ddr_0_S_AXI_BASEADDR 0x03800000         0x04800000
*default*        0x00000000         0xffffffff

Linker script and memory map

                0x00002000                _STACK_SIZE = DEFINED (_STACK_SIZE)?_STACK_SIZE:0x2000
                0x00100000                _HEAP_SIZE = DEFINED (_HEAP_SIZE)?_HEAP_SIZE:0x100000
                0x00000400                _ABORT_STACK_SIZE = DEFINED (_ABORT_STACK_SIZE)?_ABORT_STACK_SIZE:0x400
                0x00000800                _SUPERVISOR_STACK_SIZE = DEFINED (_SUPERVISOR_STACK_SIZE)?_SUPERVISOR_STACK_SIZE:0x800
                0x00000400                _IRQ_STACK_SIZE = DEFINED (_IRQ_STACK_SIZE)?_IRQ_STACK_SIZE:0x400
                0x00000400                _FIQ_STACK_SIZE = DEFINED (_FIQ_STACK_SIZE)?_FIQ_STACK_SIZE:0x400
                0x00000400                _UNDEF_STACK_SIZE = DEFINED (_UNDEF_STACK_SIZE)?_UNDEF_STACK_SIZE:0x400

.text           0x03800000     0x5ab8
 *(.vectors)
 *(.boot_data)
 .boot_data     0x03800000       0x20 c:\Users\BearRiverRobotics1\AppData\Roaming\Code\User\globalStorage\vexrobotics.vexcode\sdk\cpp\V5\V5_20240802_15_00_00/vexv5\libv5rt.a(v5_startup.c.obj)
                0x03800000                vexCodeSig
                0x00000020                . = 0x20
 *(.boot)
 .boot          0x03800020       0xbc c:\Users\BearRiverRobotics1\AppData\Roaming\Code\User\globalStorage\vexrobotics.vexcode\sdk\cpp\V5\V5_20240802_15_00_00/vexv5\libv5rt.a(v5_startup.c.obj)
                0x03800020                vexStartup
                0x03800100                . = ALIGN (0x40)
 *fill*         0x038000dc       0x24 
 *(.freertos_vectors)
 *(.text)
 *(.text.*)
 .text.main     0x03800100       0x68 build/src/main.o
                0x03800100                main
 .text._GLOBAL__sub_I_main.cpp
                0x03800168       0x34 build/src/main.o
 *fill*         0x0380019c        0x4 
 .text._Z5Menu1v
                0x038001a0      0x390 build/src/auton_selector.o
                0x038001a0                Menu1()
 .text._Z5Menu2v
                0x03800530      0x3a8 build/src/auton_selector.o
                0x03800530                Menu2()
 .text._Z12initial_menuv
                0x038008d8      0x480 build/src/auton_selector.o
                0x038008d8                initial_menu()
 .text._Z9right_redv
                0x03800d58       0xf0 build/src/autons.o
                0x03800d58                right_red()
 .text._Z8left_redv
                0x03800e48       0xf0 build/src/autons.o
                0x03800e48                left_red()
 .text._Z10right_bluev
                0x03800f38       0xf0 build/src/autons.o
                0x03800f38                right_blue()
 .text._Z12skills_autonv
                0x03801028        0x4 build/src/autons.o
                0x03801028                skills_auton()
 *fill*         0x0380102c        0x4 
 .text._Z9left_bluev
                0x03801030       0xf0 build/src/autons.o
                0x03801030                left_blue()
 .text._Z16right_blue_elimsv
                0x03801120        0x4 build/src/autons.o
                0x03801120                right_blue_elims()
 .text._Z15right_red_elimsv
                0x03801124        0x4 build/src/autons.o
                0x03801124                right_red_elims()
 .text._Z14left_red_elimsv
                0x03801128        0x4 build/src/autons.o
                0x03801128                left_red_elims()
 .text._Z15left_blue_elimsv
                0x0380112c        0x4 build/src/autons.o
                0x0380112c                left_blue_elims()
 .text._Z10autonomousv
                0x03801130       0xe8 build/src/autonomous.o
                0x03801130                autonomous()
 .text._Z33rc_auto_loop_function_Controller1v
                0x03801218      0x4b8 build/src/RC.o
                0x03801218                rc_auto_loop_function_Controller1()
 .text._Z11vexcodeInitv
                0x038016d0        0x4 build/src/RC.o
                0x038016d0                vexcodeInit()
 *fill*         0x038016d4        0x4 
 .text._Z11usercontrolv
                0x038016d8      0x1b0 build/src/usercontrol.o
                0x038016d8                usercontrol()
 .text._ZN3vex11motor_groupC2IJNS_5motorES2_EEERS2_DpRT_
                0x03801888       0x44 build/src/robot-config.o
                0x03801888                vex::motor_group::motor_group<vex::motor, vex::motor>(vex::motor&, vex::motor&, vex::motor&)
 .text._GLOBAL__sub_I_robot_config.cpp
                0x038018cc      0x574 build/src/robot-config.o
 .text._Z9pre_autonv
                0x03801e40       0x48 build/src/pre-auton.o
                0x03801e40                pre_auton()
 .text.vexMain  0x03801e88       0xb0 c:\Users\BearRiverRobotics1\AppData\Roaming\Code\User\globalStorage\vexrobotics.vexcode\sdk\cpp\V5\V5_20240802_15_00_00/vexv5\libv5rt.a(v5_startup.c.obj)
                0x03801e88                vexMain
 .text.__vex_function_prolog
                0x03801f38       0x18 c:\Users\BearRiverRobotics1\AppData\Roaming\Code\User\globalStorage\vexrobotics.vexcode\sdk\cpp\V5\V5_20240802_15_00_00/vexv5\libv5rt.a(v5_startup.c.obj)
                0x03801f38                __vex_function_prolog
 .text._init    0x03801f50        0x4 c:\Users\BearRiverRobotics1\AppData\Roaming\Code\User\globalStorage\vexrobotics.vexcode\sdk\cpp\V5\V5_20240802_15_00_00/vexv5\libv5rt.a(v5_startup.c.obj)
                0x03801f50                _init
 .text._fini    0x03801f54        0x4 c:\Users\BearRiverRobotics1\AppData\Roaming\Code\User\globalStorage\vexrobotics.vexcode\sdk\cpp\V5\V5_20240802_15_00_00/vexv5\libv5rt.a(v5_startup.c.obj)
                0x03801f54                _fini
 .text.vexStdlibVersionLinked
                0x03801f58        0xc c:\Users\BearRiverRobotics1\AppData\Roaming\Code\User\globalStorage\vexrobotics.vexcode\sdk\cpp\V5\V5_20240802_15_00_00/vexv5\libv5rt.a(v5_util.c.obj)
                0x03801f58                vexStdlibVersionLinked
 .text.vexStdlibVersionVerify
                0x03801f64       0x30 c:\Users\BearRiverRobotics1\AppData\Roaming\Code\User\globalStorage\vexrobotics.vexcode\sdk\cpp\V5\V5_20240802_15_00_00/vexv5\libv5rt.a(v5_util.c.obj)
                0x03801f64                vexStdlibVersionVerify
 .text.vexPrivateApiEnable
                0x03801f94       0x10 c:\Users\BearRiverRobotics1\AppData\Roaming\Code\User\globalStorage\vexrobotics.vexcode\sdk\cpp\V5\V5_20240802_15_00_00/vexv5\libv5rt.a(v5_apijump.c.obj)
                0x03801f94                vexPrivateApiEnable
 .text.vexStdlibMismatchError
                0x03801fa4       0x3c c:\Users\BearRiverRobotics1\AppData\Roaming\Code\User\globalStorage\vexrobotics.vexcode\sdk\cpp\V5\V5_20240802_15_00_00/vexv5\libv5rt.a(v5_apijump.c.obj)
                0x03801fa4                vexStdlibMismatchError
 .text.vexTaskAdd
                0x03801fe0       0x10 c:\Users\BearRiverRobotics1\AppData\Roaming\Code\User\globalStorage\vexrobotics.vexcode\sdk\cpp\V5\V5_20240802_15_00_00/vexv5\libv5rt.a(v5_apijump.c.obj)
                0x03801fe0                vexTaskAdd
 .text.vexTasksRun
                0x03801ff0       0x10 c:\Users\BearRiverRobotics1\AppData\Roaming\Code\User\globalStorage\vexrobotics.vexcode\sdk\cpp\V5\V5_20240802_15_00_00/vexv5\libv5rt.a(v5_apijump.c.obj)
                0x03801ff0                vexTasksRun
 .text.vexTaskYield
                0x03802000       0x10 c:\Users\BearRiverRobotics1\AppData\Roaming\Code\User\globalStorage\vexrobotics.vexcode\sdk\cpp\V5\V5_20240802_15_00_00/vexv5\libv5rt.a(v5_apijump.c.obj)
                0x03802000                vexTaskYield
 .text.vexTaskCheckTimeslice
                0x03802010       0x10 c:\Users\BearRiverRobotics1\AppData\Roaming\Code\User\globalStorage\vexrobotics.vexcode\sdk\cpp\V5\V5_20240802_15_00_00/vexv5\libv5rt.a(v5_apijump.c.obj)
                0x03802010                vexTaskCheckTimeslice
 .text.vexTaskSleep
                0x03802020       0x10 c:\Users\BearRiverRobotics1\AppData\Roaming\Code\User\globalStorage\vexrobotics.vexcode\sdk\cpp\V5\V5_20240802_15_00_00/vexv5\libv5rt.a(v5_apijump.c.obj)
                0x03802020                vexTaskSleep
 .text.vexTasksDump
                0x03802030       0x1c c:\Users\BearRiverRobotics1\AppData\Roaming\Code\User\globalStorage\vexrobotics.vexcode\sdk\cpp\V5\V5_20240802_15_00_00/vexv5\libv5rt.a(v5_apijump.c.obj)
                0x03802030                vexTasksDump
 .text.vexTaskGetTaskIndex
                0x0380204c       0x10 c:\Users\BearRiverRobotics1\AppData\Roaming\Code\User\globalStorage\vexrobotics.vexcode\sdk\cpp\V5\V5_20240802_15_00_00/vexv5\libv5rt.a(v5_apijump.c.obj)
                0x0380204c                vexTaskGetTaskIndex
 .text.vexTaskStopAll
                0x0380205c       0x10 c:\Users\BearRiverRobotics1\AppData\Roaming\Code\User\globalStorage\vexrobotics.vexcode\sdk\cpp\V5\V5_20240802_15_00_00/vexv5\libv5rt.a(v5_apijump.c.obj)
                0x0380205c                vexTaskStopAll
 .text.vexTaskRemoveAllUser
                0x0380206c       0x34 c:\Users\BearRiverRobotics1\AppData\Roaming\Code\User\globalStorage\vexrobotics.vexcode\sdk\cpp\V5\V5_20240802_15_00_00/vexv5\libv5rt.a(v5_apijump.c.obj)
                0x0380206c                vexTaskRemoveAllUser
 .text.vexTaskCompletionIdSet
                0x038020a0       0x10 c:\Users\BearRiverRobotics1\AppData\Roaming\Code\User\globalStorage\vexrobotics.vexcode\sdk\cpp\V5\V5_20240802_15_00_00/vexv5\libv5rt.a(v5_apijump.c.obj)
                0x038020a0                vexTaskCompletionIdSet
 .text.vexTaskStopWithId
                0x038020b0       0x10 c:\Users\BearRiverRobotics1\AppData\Roaming\Code\User\globalStorage\vexrobotics.vexcode\sdk\cpp\V5\V5_20240802_15_00_00/vexv5\libv5rt.a(v5_apijump.c.obj)
                0x038020b0                vexTaskStopWithId
 .text.vexCriticalSection
                0x038020c0       0x2c c:\Users\BearRiverRobotics1\AppData\Roaming\Code\User\globalStorage\vexrobotics.vexcode\sdk\cpp\V5\V5_20240802_15_00_00/vexv5\libv5rt.a(v5_apijump.c.obj)
                0x038020c0                vexCriticalSection
 .text.vexEventAdd
                0x038020ec       0x34 c:\Users\BearRiverRobotics1\AppData\Roaming\Code\User\globalStorage\vexrobotics.vexcode\sdk\cpp\V5\V5_20240802_15_00_00/vexv5\libv5rt.a(v5_apijump.c.obj)
                0x038020ec                vexEventAdd
 .text.vexEventUserIndexGet
                0x03802120       0x1c c:\Users\BearRiverRobotics1\AppData\Roaming\Code\User\globalStorage\vexrobotics.vexcode\sdk\cpp\V5\V5_20240802_15_00_00/vexv5\libv5rt.a(v5_apijump.c.obj)
                0x03802120                vexEventUserIndexGet
 .text.vexEventAddWithArg
                0x0380213c       0x3c c:\Users\BearRiverRobotics1\AppData\Roaming\Code\User\globalStorage\vexrobotics.vexcode\sdk\cpp\V5\V5_20240802_15_00_00/vexv5\libv5rt.a(v5_apijump.c.obj)
                0x0380213c                vexEventAddWithArg
 .text.vexEventsCleanup
                0x03802178       0x2c c:\Users\BearRiverRobotics1\AppData\Roaming\Code\User\globalStorage\vexrobotics.vexcode\sdk\cpp\V5\V5_20240802_15_00_00/vexv5\libv5rt.a(v5_apijump.c.obj)
                0x03802178                vexEventsCleanup
 .text.vexDebug
                0x038021a4       0x38 c:\Users\BearRiverRobotics1\AppData\Roaming\Code\User\globalStorage\vexrobotics.vexcode\sdk\cpp\V5\V5_20240802_15_00_00/vexv5\libv5rt.a(v5_apijump.c.obj)
                0x038021a4                vexDebug
 .text.vex_sprintf
                0x038021dc       0x40 c:\Users\BearRiverRobotics1\AppData\Roaming\Code\User\globalStorage\vexrobotics.vexcode\sdk\cpp\V5\V5_20240802_15_00_00/vexv5\libv5rt.a(v5_apijump.c.obj)
                0x038021dc                vex_sprintf
 .text.vex_vsnprintf
                0x0380221c       0x3c c:\Users\BearRiverRobotics1\AppData\Roaming\Code\User\globalStorage\vexrobotics.vexcode\sdk\cpp\V5\V5_20240802_15_00_00/vexv5\libv5rt.a(v5_apijump.c.obj)
                0x0380221c                vex_vsnprintf
 .text.vexSystemTimeGet
                0x03802258       0x1c c:\Users\BearRiverRobotics1\AppData\Roaming\Code\User\globalStorage\vexrobotics.vexcode\sdk\cpp\V5\V5_20240802_15_00_00/vexv5\libv5rt.a(v5_apijump.c.obj)
                0x03802258                vexSystemTimeGet
 .text.vexSystemExitRequest
                0x03802274       0x1c c:\Users\BearRiverRobotics1\AppData\Roaming\Code\User\globalStorage\vexrobotics.vexcode\sdk\cpp\V5\V5_20240802_15_00_00/vexv5\libv5rt.a(v5_apijump.c.obj)
                0x03802274                vexSystemExitRequest
 .text.vexDeviceGetByIndex
                0x03802290       0x24 c:\Users\BearRiverRobotics1\AppData\Roaming\Code\User\globalStorage\vexrobotics.vexcode\sdk\cpp\V5\V5_20240802_15_00_00/vexv5\libv5rt.a(v5_apijump.c.obj)
                0x03802290                vexDeviceGetByIndex
 .text.vexControllerGet
                0x038022b4       0x2c c:\Users\BearRiverRobotics1\AppData\Roaming\Code\User\globalStorage\vexrobotics.vexcode\sdk\cpp\V5\V5_20240802_15_00_00/vexv5\libv5rt.a(v5_apijump.c.obj)
                0x038022b4                vexControllerGet
 .text.vexControllerTextSet
                0x038022e0       0x74 c:\Users\BearRiverRobotics1\AppData\Roaming\Code\User\globalStorage\vexrobotics.vexcode\sdk\cpp\V5\V5_20240802_15_00_00/vexv5\libv5rt.a(v5_apijump.c.obj)
                0x038022e0                vexControllerTextSet
 .text.vexDeviceAdiPortConfigSet
                0x03802354       0x34 c:\Users\BearRiverRobotics1\AppData\Roaming\Code\User\globalStorage\vexrobotics.vexcode\sdk\cpp\V5\V5_20240802_15_00_00/vexv5\libv5rt.a(v5_apijump.c.obj)
                0x03802354                vexDeviceAdiPortConfigSet
 .text.vexDeviceAdiPortConfigGet
                0x03802388       0x2c c:\Users\BearRiverRobotics1\AppData\Roaming\Code\User\globalStorage\vexrobotics.vexcode\sdk\cpp\V5\V5_20240802_15_00_00/vexv5\libv5rt.a(v5_apijump.c.obj)
                0x03802388                vexDeviceAdiPortConfigGet
 .text.vexDeviceAdiValueSet
                0x038023b4       0x34 c:\Users\BearRiverRobotics1\AppData\Roaming\Code\User\globalStorage\vexrobotics.vexcode\sdk\cpp\V5\V5_20240802_15_00_00/vexv5\libv5rt.a(v5_apijump.c.obj)
                0x038023b4                vexDeviceAdiValueSet
 .text.vexDeviceMotorVelocitySet
                0x038023e8       0x2c c:\Users\BearRiverRobotics1\AppData\Roaming\Code\User\globalStorage\vexrobotics.vexcode\sdk\cpp\V5\V5_20240802_15_00_00/vexv5\libv5rt.a(v5_apijump.c.obj)
                0x038023e8                vexDeviceMotorVelocitySet
 .text.vexDeviceMotorVelocityGet
                0x03802414       0x24 c:\Users\BearRiverRobotics1\AppData\Roaming\Code\User\globalStorage\vexrobotics.vexcode\sdk\cpp\V5\V5_20240802_15_00_00/vexv5\libv5rt.a(v5_apijump.c.obj)
                0x03802414                vexDeviceMotorVelocityGet
 .text.vexDeviceMotorActualVelocityGet
                0x03802438       0x24 c:\Users\BearRiverRobotics1\AppData\Roaming\Code\User\globalStorage\vexrobotics.vexcode\sdk\cpp\V5\V5_20240802_15_00_00/vexv5\libv5rt.a(v5_apijump.c.obj)
                0x03802438                vexDeviceMotorActualVelocityGet
 .text.vexDeviceMotorModeGet
                0x0380245c       0x24 c:\Users\BearRiverRobotics1\AppData\Roaming\Code\User\globalStorage\vexrobotics.vexcode\sdk\cpp\V5\V5_20240802_15_00_00/vexv5\libv5rt.a(v5_apijump.c.obj)
                0x0380245c                vexDeviceMotorModeGet
 .text.vexDeviceMotorZeroPositionFlagGet
                0x03802480       0x24 c:\Users\BearRiverRobotics1\AppData\Roaming\Code\User\globalStorage\vexrobotics.vexcode\sdk\cpp\V5\V5_20240802_15_00_00/vexv5\libv5rt.a(v5_apijump.c.obj)
                0x03802480                vexDeviceMotorZeroPositionFlagGet
 .text.vexDeviceMotorReverseFlagSet
                0x038024a4       0x2c c:\Users\BearRiverRobotics1\AppData\Roaming\Code\User\globalStorage\vexrobotics.vexcode\sdk\cpp\V5\V5_20240802_15_00_00/vexv5\libv5rt.a(v5_apijump.c.obj)
                0x038024a4                vexDeviceMotorReverseFlagSet
 .text.vexDeviceMotorEncoderUnitsSet
                0x038024d0       0x2c c:\Users\BearRiverRobotics1\AppData\Roaming\Code\User\globalStorage\vexrobotics.vexcode\sdk\cpp\V5\V5_20240802_15_00_00/vexv5\libv5rt.a(v5_apijump.c.obj)
                0x038024d0                vexDeviceMotorEncoderUnitsSet
 .text.vexDeviceMotorBrakeModeSet
                0x038024fc       0x2c c:\Users\BearRiverRobotics1\AppData\Roaming\Code\User\globalStorage\vexrobotics.vexcode\sdk\cpp\V5\V5_20240802_15_00_00/vexv5\libv5rt.a(v5_apijump.c.obj)
                0x038024fc                vexDeviceMotorBrakeModeSet
 .text.vexDeviceMotorPositionSet
                0x03802528       0x34 c:\Users\BearRiverRobotics1\AppData\Roaming\Code\User\globalStorage\vexrobotics.vexcode\sdk\cpp\V5\V5_20240802_15_00_00/vexv5\libv5rt.a(v5_apijump.c.obj)
                0x03802528                vexDeviceMotorPositionSet
 .text.vexDeviceMotorRelativeTargetSet
                0x0380255c       0x3c c:\Users\BearRiverRobotics1\AppData\Roaming\Code\User\globalStorage\vexrobotics.vexcode\sdk\cpp\V5\V5_20240802_15_00_00/vexv5\libv5rt.a(v5_apijump.c.obj)
                0x0380255c                vexDeviceMotorRelativeTargetSet
 .text.vexDeviceMotorGearingSet
                0x03802598       0x2c c:\Users\BearRiverRobotics1\AppData\Roaming\Code\User\globalStorage\vexrobotics.vexcode\sdk\cpp\V5\V5_20240802_15_00_00/vexv5\libv5rt.a(v5_apijump.c.obj)
                0x03802598                vexDeviceMotorGearingSet
 .text.vexDeviceMotorGearingGet
                0x038025c4       0x24 c:\Users\BearRiverRobotics1\AppData\Roaming\Code\User\globalStorage\vexrobotics.vexcode\sdk\cpp\V5\V5_20240802_15_00_00/vexv5\libv5rt.a(v5_apijump.c.obj)
                0x038025c4                vexDeviceMotorGearingGet
 .text.vexDeviceImuReset
                0x038025e8       0x24 c:\Users\BearRiverRobotics1\AppData\Roaming\Code\User\globalStorage\vexrobotics.vexcode\sdk\cpp\V5\V5_20240802_15_00_00/vexv5\libv5rt.a(v5_apijump.c.obj)
                0x038025e8                vexDeviceImuReset
 .text.vexDeviceImuHeadingGet
                0x0380260c       0x24 c:\Users\BearRiverRobotics1\AppData\Roaming\Code\User\globalStorage\vexrobotics.vexcode\sdk\cpp\V5\V5_20240802_15_00_00/vexv5\libv5rt.a(v5_apijump.c.obj)
                0x0380260c                vexDeviceImuHeadingGet
 .text.vexDeviceImuDegreesGet
                0x03802630       0x24 c:\Users\BearRiverRobotics1\AppData\Roaming\Code\User\globalStorage\vexrobotics.vexcode\sdk\cpp\V5\V5_20240802_15_00_00/vexv5\libv5rt.a(v5_apijump.c.obj)
                0x03802630                vexDeviceImuDegreesGet
 .text.vexDeviceImuStatusGet
                0x03802654       0x24 c:\Users\BearRiverRobotics1\AppData\Roaming\Code\User\globalStorage\vexrobotics.vexcode\sdk\cpp\V5\V5_20240802_15_00_00/vexv5\libv5rt.a(v5_apijump.c.obj)
                0x03802654                vexDeviceImuStatusGet
 .text.vexDeviceAbsEncPositionSet
                0x03802678       0x2c c:\Users\BearRiverRobotics1\AppData\Roaming\Code\User\globalStorage\vexrobotics.vexcode\sdk\cpp\V5\V5_20240802_15_00_00/vexv5\libv5rt.a(v5_apijump.c.obj)
                0x03802678                vexDeviceAbsEncPositionSet
 .text.vexDeviceAbsEncPositionGet
                0x038026a4       0x24 c:\Users\BearRiverRobotics1\AppData\Roaming\Code\User\globalStorage\vexrobotics.vexcode\sdk\cpp\V5\V5_20240802_15_00_00/vexv5\libv5rt.a(v5_apijump.c.obj)
                0x038026a4                vexDeviceAbsEncPositionGet
 .text.vexDeviceAbsEncAngleGet
                0x038026c8       0x24 c:\Users\BearRiverRobotics1\AppData\Roaming\Code\User\globalStorage\vexrobotics.vexcode\sdk\cpp\V5\V5_20240802_15_00_00/vexv5\libv5rt.a(v5_apijump.c.obj)
                0x038026c8                vexDeviceAbsEncAngleGet
 .text.vexDeviceAbsEncReverseFlagSet
                0x038026ec       0x2c c:\Users\BearRiverRobotics1\AppData\Roaming\Code\User\globalStorage\vexrobotics.vexcode\sdk\cpp\V5\V5_20240802_15_00_00/vexv5\libv5rt.a(v5_apijump.c.obj)
                0x038026ec                vexDeviceAbsEncReverseFlagSet
 .text.vexDeviceOpticalHueGet
                0x03802718       0x24 c:\Users\BearRiverRobotics1\AppData\Roaming\Code\User\globalStorage\vexrobotics.vexcode\sdk\cpp\V5\V5_20240802_15_00_00/vexv5\libv5rt.a(v5_apijump.c.obj)
                0x03802718                vexDeviceOpticalHueGet
 .text.vexDeviceOpticalLedPwmSet
                0x0380273c       0x2c c:\Users\BearRiverRobotics1\AppData\Roaming\Code\User\globalStorage\vexrobotics.vexcode\sdk\cpp\V5\V5_20240802_15_00_00/vexv5\libv5rt.a(v5_apijump.c.obj)
                0x0380273c                vexDeviceOpticalLedPwmSet
 .text.vexDeviceOpticalGestureEnable
                0x03802768       0x24 c:\Users\BearRiverRobotics1\AppData\Roaming\Code\User\globalStorage\vexrobotics.vexcode\sdk\cpp\V5\V5_20240802_15_00_00/vexv5\libv5rt.a(v5_apijump.c.obj)
                0x03802768                vexDeviceOpticalGestureEnable
 .text.vexDeviceOpticalGestureDisable
                0x0380278c       0x24 c:\Users\BearRiverRobotics1\AppData\Roaming\Code\User\globalStorage\vexrobotics.vexcode\sdk\cpp\V5\V5_20240802_15_00_00/vexv5\libv5rt.a(v5_apijump.c.obj)
                0x0380278c                vexDeviceOpticalGestureDisable
 .text.vexDeviceOpticalProximityThreshold
                0x038027b0       0x2c c:\Users\BearRiverRobotics1\AppData\Roaming\Code\User\globalStorage\vexrobotics.vexcode\sdk\cpp\V5\V5_20240802_15_00_00/vexv5\libv5rt.a(v5_apijump.c.obj)
                0x038027b0                vexDeviceOpticalProximityThreshold
 .text.vexDisplayForegroundColor
                0x038027dc       0x24 c:\Users\BearRiverRobotics1\AppData\Roaming\Code\User\globalStorage\vexrobotics.vexcode\sdk\cpp\V5\V5_20240802_15_00_00/vexv5\libv5rt.a(v5_apijump.c.obj)
                0x038027dc                vexDisplayForegroundColor
 .text.vexDisplayBackgroundColor
                0x03802800       0x24 c:\Users\BearRiverRobotics1\AppData\Roaming\Code\User\globalStorage\vexrobotics.vexcode\sdk\cpp\V5\V5_20240802_15_00_00/vexv5\libv5rt.a(v5_apijump.c.obj)
                0x03802800                vexDisplayBackgroundColor
 .text.vexDisplayBackgroundColorGet
                0x03802824       0x1c c:\Users\BearRiverRobotics1\AppData\Roaming\Code\User\globalStorage\vexrobotics.vexcode\sdk\cpp\V5\V5_20240802_15_00_00/vexv5\libv5rt.a(v5_apijump.c.obj)
                0x03802824                vexDisplayBackgroundColorGet
 .text.vexDisplayRectDraw
                0x03802840       0x4c c:\Users\BearRiverRobotics1\AppData\Roaming\Code\User\globalStorage\vexrobotics.vexcode\sdk\cpp\V5\V5_20240802_15_00_00/vexv5\libv5rt.a(v5_apijump.c.obj)
                0x03802840                vexDisplayRectDraw
 .text.vexDisplayRectClear
                0x0380288c       0x4c c:\Users\BearRiverRobotics1\AppData\Roaming\Code\User\globalStorage\vexrobotics.vexcode\sdk\cpp\V5\V5_20240802_15_00_00/vexv5\libv5rt.a(v5_apijump.c.obj)
                0x0380288c                vexDisplayRectClear
 .text.vexDisplayVPrintf
                0x038028d8       0x50 c:\Users\BearRiverRobotics1\AppData\Roaming\Code\User\globalStorage\vexrobotics.vexcode\sdk\cpp\V5\V5_20240802_15_00_00/vexv5\libv5rt.a(v5_apijump.c.obj)
                0x038028d8                vexDisplayVPrintf
 .text.vexDisplayTextReference
                0x03802928       0x24 c:\Users\BearRiverRobotics1\AppData\Roaming\Code\User\globalStorage\vexrobotics.vexcode\sdk\cpp\V5\V5_20240802_15_00_00/vexv5\libv5rt.a(v5_apijump.c.obj)
                0x03802928                vexDisplayTextReference
 .text.vexDisplayTextSize
                0x0380294c       0x2c c:\Users\BearRiverRobotics1\AppData\Roaming\Code\User\globalStorage\vexrobotics.vexcode\sdk\cpp\V5\V5_20240802_15_00_00/vexv5\libv5rt.a(v5_apijump.c.obj)
                0x0380294c                vexDisplayTextSize
 .text.vexDisplayFontNamedSet
                0x03802978       0x24 c:\Users\BearRiverRobotics1\AppData\Roaming\Code\User\globalStorage\vexrobotics.vexcode\sdk\cpp\V5\V5_20240802_15_00_00/vexv5\libv5rt.a(v5_apijump.c.obj)
                0x03802978                vexDisplayFontNamedSet
 .text.vexDisplayStringWidthGet
                0x0380299c       0x24 c:\Users\BearRiverRobotics1\AppData\Roaming\Code\User\globalStorage\vexrobotics.vexcode\sdk\cpp\V5\V5_20240802_15_00_00/vexv5\libv5rt.a(v5_apijump.c.obj)
                0x0380299c                vexDisplayStringWidthGet
 .text.vexDisplayPenSizeGet
                0x038029c0       0x1c c:\Users\BearRiverRobotics1\AppData\Roaming\Code\User\globalStorage\vexrobotics.vexcode\sdk\cpp\V5\V5_20240802_15_00_00/vexv5\libv5rt.a(v5_apijump.c.obj)
                0x038029c0                vexDisplayPenSizeGet
 .text.vexSystemStdlibImpureDataAddr
                0x038029dc       0x28 c:\Users\BearRiverRobotics1\AppData\Roaming\Code\User\globalStorage\vexrobotics.vexcode\sdk\cpp\V5\V5_20240802_15_00_00/vexv5\libv5rt.a(v5_apijump.c.obj)
                0x038029dc                vexSystemStdlibImpureDataAddr
 .text.vexSystemStdlibImpureDataSize
                0x03802a04       0x28 c:\Users\BearRiverRobotics1\AppData\Roaming\Code\User\globalStorage\vexrobotics.vexcode\sdk\cpp\V5\V5_20240802_15_00_00/vexv5\libv5rt.a(v5_apijump.c.obj)
                0x03802a04                vexSystemStdlibImpureDataSize
 .text.vexSystemSaveUserData
                0x03802a2c       0x3c c:\Users\BearRiverRobotics1\AppData\Roaming\Code\User\globalStorage\vexrobotics.vexcode\sdk\cpp\V5\V5_20240802_15_00_00/vexv5\libv5rt.a(v5_apijump.c.obj)
                0x03802a2c                vexSystemSaveUserData
 .text.vexTouchDataGet
                0x03802a68       0x10 c:\Users\BearRiverRobotics1\AppData\Roaming\Code\User\globalStorage\vexrobotics.vexcode\sdk\cpp\V5\V5_20240802_15_00_00/vexv5\libv5rt.a(v5_apijump.c.obj)
                0x03802a68                vexTouchDataGet
 .text.vexDisplayThemeIdGet
                0x03802a78       0x38 c:\Users\BearRiverRobotics1\AppData\Roaming\Code\User\globalStorage\vexrobotics.vexcode\sdk\cpp\V5\V5_20240802_15_00_00/vexv5\libv5rt.a(v5_apijump.c.obj)
                0x03802a78                vexDisplayThemeIdGet
 .text.vexDeviceEventMaskSet
                0x03802ab0       0x48 c:\Users\BearRiverRobotics1\AppData\Roaming\Code\User\globalStorage\vexrobotics.vexcode\sdk\cpp\V5\V5_20240802_15_00_00/vexv5\libv5rt.a(v5_apijump.c.obj)
                0x03802ab0                vexDeviceEventMaskSet
 .text.vexDeviceEventMaskGet
                0x03802af8       0x3c c:\Users\BearRiverRobotics1\AppData\Roaming\Code\User\globalStorage\vexrobotics.vexcode\sdk\cpp\V5\V5_20240802_15_00_00/vexv5\libv5rt.a(v5_apijump.c.obj)
                0x03802af8                vexDeviceEventMaskGet
 .text.vexSystemVersion
                0x03802b34       0x10 c:\Users\BearRiverRobotics1\AppData\Roaming\Code\User\globalStorage\vexrobotics.vexcode\sdk\cpp\V5\V5_20240802_15_00_00/vexv5\libv5rt.a(v5_apiversions.c.obj)
                0x03802b34                vexSystemVersion
 .text.vexStdlibVersion
                0x03802b44       0x10 c:\Users\BearRiverRobotics1\AppData\Roaming\Code\User\globalStorage\vexrobotics.vexcode\sdk\cpp\V5\V5_20240802_15_00_00/vexv5\libv5rt.a(v5_apiversions.c.obj)
                0x03802b44                vexStdlibVersion
 *fill*         0x03802b54        0x4 
 .text._ZN3vex4waitEdNS_9timeUnitsE
                0x03802b58       0x30 c:\Users\BearRiverRobotics1\AppData\Roaming\Code\User\globalStorage\vexrobotics.vexcode\sdk\cpp\V5\V5_20240802_15_00_00/vexv5\libv5rt.a(vex_global.cpp.obj)
                0x03802b58                vex::wait(double, vex::timeUnits)
 .text._ZN3vex5motorD2Ev
                0x03802b88       0x20 c:\Users\BearRiverRobotics1\AppData\Roaming\Code\User\globalStorage\vexrobotics.vexcode\sdk\cpp\V5\V5_20240802_15_00_00/vexv5\libv5rt.a(vex_motor.cpp.obj)
                0x03802b88                vex::motor::~motor()
                0x03802b88                vex::motor::~motor()
 .text._ZN3vex5motorD0Ev
                0x03802ba8       0x1c c:\Users\BearRiverRobotics1\AppData\Roaming\Code\User\globalStorage\vexrobotics.vexcode\sdk\cpp\V5\V5_20240802_15_00_00/vexv5\libv5rt.a(vex_motor.cpp.obj)
                0x03802ba8                vex::motor::~motor()
 .text._ZN3vex5motor9installedEv
                0x03802bc4       0x18 c:\Users\BearRiverRobotics1\AppData\Roaming\Code\User\globalStorage\vexrobotics.vexcode\sdk\cpp\V5\V5_20240802_15_00_00/vexv5\libv5rt.a(vex_motor.cpp.obj)
                0x03802bc4                vex::motor::installed()
 .text._ZN3vex5motor15defaultStoppingENS_9brakeTypeE
                0x03802bdc       0x30 c:\Users\BearRiverRobotics1\AppData\Roaming\Code\User\globalStorage\vexrobotics.vexcode\sdk\cpp\V5\V5_20240802_15_00_00/vexv5\libv5rt.a(vex_motor.cpp.obj)
                0x03802bdc                vex::motor::defaultStopping(vex::brakeType)
 .text._ZN3vex5motorC2El
                0x03802c0c       0x78 c:\Users\BearRiverRobotics1\AppData\Roaming\Code\User\globalStorage\vexrobotics.vexcode\sdk\cpp\V5\V5_20240802_15_00_00/vexv5\libv5rt.a(vex_motor.cpp.obj)
                0x03802c0c                vex::motor::motor(long)
                0x03802c0c                vex::motor::motor(long)
 .text._ZN3vex5motorC2ElNS_11gearSettingEb
                0x03802c84       0x34 c:\Users\BearRiverRobotics1\AppData\Roaming\Code\User\globalStorage\vexrobotics.vexcode\sdk\cpp\V5\V5_20240802_15_00_00/vexv5\libv5rt.a(vex_motor.cpp.obj)
                0x03802c84                vex::motor::motor(long, vex::gearSetting, bool)
                0x03802c84                vex::motor::motor(long, vex::gearSetting, bool)
 .text._ZN3vex5motor14isSpinningModeEv
                0x03802cb8       0x48 c:\Users\BearRiverRobotics1\AppData\Roaming\Code\User\globalStorage\vexrobotics.vexcode\sdk\cpp\V5\V5_20240802_15_00_00/vexv5\libv5rt.a(vex_motor.cpp.obj)
                0x03802cb8                vex::motor::isSpinningMode()
 .text._ZN3vex5motor10isSpinningEv
                0x03802d00       0x44 c:\Users\BearRiverRobotics1\AppData\Roaming\Code\User\globalStorage\vexrobotics.vexcode\sdk\cpp\V5\V5_20240802_15_00_00/vexv5\libv5rt.a(vex_motor.cpp.obj)
                0x03802d00                vex::motor::isSpinning()
 .text._ZN3vex5motor4stopENS_9brakeTypeE
                0x03802d44       0x30 c:\Users\BearRiverRobotics1\AppData\Roaming\Code\User\globalStorage\vexrobotics.vexcode\sdk\cpp\V5\V5_20240802_15_00_00/vexv5\libv5rt.a(vex_motor.cpp.obj)
                0x03802d44                vex::motor::stop(vex::brakeType)
 .text._ZN3vex5motor4stopEv
                0x03802d74        0x8 c:\Users\BearRiverRobotics1\AppData\Roaming\Code\User\globalStorage\vexrobotics.vexcode\sdk\cpp\V5\V5_20240802_15_00_00/vexv5\libv5rt.a(vex_motor.cpp.obj)
                0x03802d74                vex::motor::stop()
 .text._ZN3vex5motor16velocityToScaledEdNS_13velocityUnitsE
                0x03802d7c       0x5c c:\Users\BearRiverRobotics1\AppData\Roaming\Code\User\globalStorage\vexrobotics.vexcode\sdk\cpp\V5\V5_20240802_15_00_00/vexv5\libv5rt.a(vex_motor.cpp.obj)
                0x03802d7c                vex::motor::velocityToScaled(double, vex::velocityUnits)
 .text._ZN3vex5motor8velocityENS_13velocityUnitsE
                0x03802dd8       0x30 c:\Users\BearRiverRobotics1\AppData\Roaming\Code\User\globalStorage\vexrobotics.vexcode\sdk\cpp\V5\V5_20240802_15_00_00/vexv5\libv5rt.a(vex_motor.cpp.obj)
                0x03802dd8                vex::motor::velocity(vex::velocityUnits)
 .text._ZN3vex5motor5valueEv
                0x03802e08       0x1c c:\Users\BearRiverRobotics1\AppData\Roaming\Code\User\globalStorage\vexrobotics.vexcode\sdk\cpp\V5\V5_20240802_15_00_00/vexv5\libv5rt.a(vex_motor.cpp.obj)
                0x03802e08                vex::motor::value()
 .text._ZN3vex5motor16scaledToVelocityEdNS_13velocityUnitsE
                0x03802e24       0xa4 c:\Users\BearRiverRobotics1\AppData\Roaming\Code\User\globalStorage\vexrobotics.vexcode\sdk\cpp\V5\V5_20240802_15_00_00/vexv5\libv5rt.a(vex_motor.cpp.obj)
                0x03802e24                vex::motor::scaledToVelocity(double, vex::velocityUnits)
 .text._ZN3vex5motor4spinENS_13directionTypeEdNS_13velocityUnitsE
                0x03802ec8       0x5c c:\Users\BearRiverRobotics1\AppData\Roaming\Code\User\globalStorage\vexrobotics.vexcode\sdk\cpp\V5\V5_20240802_15_00_00/vexv5\libv5rt.a(vex_motor.cpp.obj)
                0x03802ec8                vex::motor::spin(vex::directionType, double, vex::velocityUnits)
 .text._ZN3vex5motor4spinENS_13directionTypeE
                0x03802f24       0x28 c:\Users\BearRiverRobotics1\AppData\Roaming\Code\User\globalStorage\vexrobotics.vexcode\sdk\cpp\V5\V5_20240802_15_00_00/vexv5\libv5rt.a(vex_motor.cpp.obj)
                0x03802f24                vex::motor::spin(vex::directionType)
 .text._ZN3vex5motor11setVelocityEdNS_13velocityUnitsE
                0x03802f4c       0x54 c:\Users\BearRiverRobotics1\AppData\Roaming\Code\User\globalStorage\vexrobotics.vexcode\sdk\cpp\V5\V5_20240802_15_00_00/vexv5\libv5rt.a(vex_motor.cpp.obj)
                0x03802f4c                vex::motor::setVelocity(double, vex::velocityUnits)
 .text._ZN3vex5motor16setRotationUnitsENS_13rotationUnitsE
                0x03802fa0       0x1c c:\Users\BearRiverRobotics1\AppData\Roaming\Code\User\globalStorage\vexrobotics.vexcode\sdk\cpp\V5\V5_20240802_15_00_00/vexv5\libv5rt.a(vex_motor.cpp.obj)
                0x03802fa0                vex::motor::setRotationUnits(vex::rotationUnits)
 .text._ZN3vex5motor7spinForEdNS_13rotationUnitsEdNS_13velocityUnitsEb
                0x03802fbc       0xf4 c:\Users\BearRiverRobotics1\AppData\Roaming\Code\User\globalStorage\vexrobotics.vexcode\sdk\cpp\V5\V5_20240802_15_00_00/vexv5\libv5rt.a(vex_motor.cpp.obj)
                0x03802fbc                vex::motor::spinFor(double, vex::rotationUnits, double, vex::velocityUnits, bool)
 .text._ZN3vex5motor7spinForENS_13directionTypeEdNS_13rotationUnitsEdNS_13velocityUnitsEb
                0x038030b0       0x34 c:\Users\BearRiverRobotics1\AppData\Roaming\Code\User\globalStorage\vexrobotics.vexcode\sdk\cpp\V5\V5_20240802_15_00_00/vexv5\libv5rt.a(vex_motor.cpp.obj)
                0x038030b0                vex::motor::spinFor(vex::directionType, double, vex::rotationUnits, double, vex::velocityUnits, bool)
 .text._ZN3vex5motor7spinForEdNS_13rotationUnitsEb
                0x038030e4       0x34 c:\Users\BearRiverRobotics1\AppData\Roaming\Code\User\globalStorage\vexrobotics.vexcode\sdk\cpp\V5\V5_20240802_15_00_00/vexv5\libv5rt.a(vex_motor.cpp.obj)
                0x038030e4                vex::motor::spinFor(double, vex::rotationUnits, bool)
 .text._ZN3vex5motor7spinForENS_13directionTypeEdNS_13rotationUnitsEb
                0x03803118       0x3c c:\Users\BearRiverRobotics1\AppData\Roaming\Code\User\globalStorage\vexrobotics.vexcode\sdk\cpp\V5\V5_20240802_15_00_00/vexv5\libv5rt.a(vex_motor.cpp.obj)
                0x03803118                vex::motor::spinFor(vex::directionType, double, vex::rotationUnits, bool)
 .text._ZN3vex8inertial11getTurnTypeEv
                0x03803154        0x8 c:\Users\BearRiverRobotics1\AppData\Roaming\Code\User\globalStorage\vexrobotics.vexcode\sdk\cpp\V5\V5_20240802_15_00_00/vexv5\libv5rt.a(vex_imu.cpp.obj)
                0x03803154                vex::inertial::getTurnType()
 .text._ZThn16_N3vex8inertial11getTurnTypeEv
                0x0380315c        0x8 c:\Users\BearRiverRobotics1\AppData\Roaming\Code\User\globalStorage\vexrobotics.vexcode\sdk\cpp\V5\V5_20240802_15_00_00/vexv5\libv5rt.a(vex_imu.cpp.obj)
                0x0380315c                non-virtual thunk to vex::inertial::getTurnType()
 *fill*         0x03803164        0x4 
 .text._ZN3vex8inertial10setHeadingEdNS_13rotationUnitsE
                0x03803168       0x58 c:\Users\BearRiverRobotics1\AppData\Roaming\Code\User\globalStorage\vexrobotics.vexcode\sdk\cpp\V5\V5_20240802_15_00_00/vexv5\libv5rt.a(vex_imu.cpp.obj)
                0x03803168                vex::inertial::setHeading(double, vex::rotationUnits)
 .text._ZThn16_N3vex8inertial10setHeadingEdNS_13rotationUnitsE
                0x038031c0        0x8 c:\Users\BearRiverRobotics1\AppData\Roaming\Code\User\globalStorage\vexrobotics.vexcode\sdk\cpp\V5\V5_20240802_15_00_00/vexv5\libv5rt.a(vex_imu.cpp.obj)
                0x038031c0                non-virtual thunk to vex::inertial::setHeading(double, vex::rotationUnits)
 .text._ZN3vex8inertial11setRotationEdNS_13rotationUnitsE
                0x038031c8       0x58 c:\Users\BearRiverRobotics1\AppData\Roaming\Code\User\globalStorage\vexrobotics.vexcode\sdk\cpp\V5\V5_20240802_15_00_00/vexv5\libv5rt.a(vex_imu.cpp.obj)
                0x038031c8                vex::inertial::setRotation(double, vex::rotationUnits)
 .text._ZThn16_N3vex8inertial11setRotationEdNS_13rotationUnitsE
                0x03803220        0x8 c:\Users\BearRiverRobotics1\AppData\Roaming\Code\User\globalStorage\vexrobotics.vexcode\sdk\cpp\V5\V5_20240802_15_00_00/vexv5\libv5rt.a(vex_imu.cpp.obj)
                0x03803220                non-virtual thunk to vex::inertial::setRotation(double, vex::rotationUnits)
 .text._ZN3vex8inertialD2Ev
                0x03803228       0x20 c:\Users\BearRiverRobotics1\AppData\Roaming\Code\User\globalStorage\vexrobotics.vexcode\sdk\cpp\V5\V5_20240802_15_00_00/vexv5\libv5rt.a(vex_imu.cpp.obj)
                0x03803228                vex::inertial::~inertial()
                0x03803228                vex::inertial::~inertial()
 .text._ZThn16_N3vex8inertialD1Ev
                0x03803248        0x8 c:\Users\BearRiverRobotics1\AppData\Roaming\Code\User\globalStorage\vexrobotics.vexcode\sdk\cpp\V5\V5_20240802_15_00_00/vexv5\libv5rt.a(vex_imu.cpp.obj)
                0x03803248                non-virtual thunk to vex::inertial::~inertial()
 .text._ZN3vex8inertialD0Ev
                0x03803250       0x1c c:\Users\BearRiverRobotics1\AppData\Roaming\Code\User\globalStorage\vexrobotics.vexcode\sdk\cpp\V5\V5_20240802_15_00_00/vexv5\libv5rt.a(vex_imu.cpp.obj)
                0x03803250                vex::inertial::~inertial()
 .text._ZThn16_N3vex8inertialD0Ev
                0x0380326c        0x8 c:\Users\BearRiverRobotics1\AppData\Roaming\Code\User\globalStorage\vexrobotics.vexcode\sdk\cpp\V5\V5_20240802_15_00_00/vexv5\libv5rt.a(vex_imu.cpp.obj)
                0x0380326c                non-virtual thunk to vex::inertial::~inertial()
 .text._ZN3vex8inertial9installedEv
                0x03803274       0x18 c:\Users\BearRiverRobotics1\AppData\Roaming\Code\User\globalStorage\vexrobotics.vexcode\sdk\cpp\V5\V5_20240802_15_00_00/vexv5\libv5rt.a(vex_imu.cpp.obj)
                0x03803274                vex::inertial::installed()
 .text._ZN3vex8inertial5angleENS_13rotationUnitsE
                0x0380328c       0x6c c:\Users\BearRiverRobotics1\AppData\Roaming\Code\User\globalStorage\vexrobotics.vexcode\sdk\cpp\V5\V5_20240802_15_00_00/vexv5\libv5rt.a(vex_imu.cpp.obj)
                0x0380328c                vex::inertial::angle(vex::rotationUnits)
 .text._ZThn16_N3vex8inertial5angleENS_13rotationUnitsE
                0x038032f8        0x8 c:\Users\BearRiverRobotics1\AppData\Roaming\Code\User\globalStorage\vexrobotics.vexcode\sdk\cpp\V5\V5_20240802_15_00_00/vexv5\libv5rt.a(vex_imu.cpp.obj)
                0x038032f8                non-virtual thunk to vex::inertial::angle(vex::rotationUnits)
 .text._ZN3vex8inertial7headingENS_13rotationUnitsE
                0x03803300        0x4 c:\Users\BearRiverRobotics1\AppData\Roaming\Code\User\globalStorage\vexrobotics.vexcode\sdk\cpp\V5\V5_20240802_15_00_00/vexv5\libv5rt.a(vex_imu.cpp.obj)
                0x03803300                vex::inertial::heading(vex::rotationUnits)
 .text._ZThn16_N3vex8inertial7headingENS_13rotationUnitsE
                0x03803304        0x8 c:\Users\BearRiverRobotics1\AppData\Roaming\Code\User\globalStorage\vexrobotics.vexcode\sdk\cpp\V5\V5_20240802_15_00_00/vexv5\libv5rt.a(vex_imu.cpp.obj)
                0x03803304                non-virtual thunk to vex::inertial::heading(vex::rotationUnits)
 .text._ZN3vex8inertial5valueEv
                0x0380330c       0x1c c:\Users\BearRiverRobotics1\AppData\Roaming\Code\User\globalStorage\vexrobotics.vexcode\sdk\cpp\V5\V5_20240802_15_00_00/vexv5\libv5rt.a(vex_imu.cpp.obj)
                0x0380330c                vex::inertial::value()
 .text._ZN3vex8inertial8rotationENS_13rotationUnitsE
                0x03803328       0x48 c:\Users\BearRiverRobotics1\AppData\Roaming\Code\User\globalStorage\vexrobotics.vexcode\sdk\cpp\V5\V5_20240802_15_00_00/vexv5\libv5rt.a(vex_imu.cpp.obj)
                0x03803328                vex::inertial::rotation(vex::rotationUnits)
 .text._ZThn16_N3vex8inertial8rotationENS_13rotationUnitsE
                0x03803370        0x8 c:\Users\BearRiverRobotics1\AppData\Roaming\Code\User\globalStorage\vexrobotics.vexcode\sdk\cpp\V5\V5_20240802_15_00_00/vexv5\libv5rt.a(vex_imu.cpp.obj)
                0x03803370                non-virtual thunk to vex::inertial::rotation(vex::rotationUnits)
 .text._ZN3vex8inertial13isCalibratingEv
                0x03803378       0x38 c:\Users\BearRiverRobotics1\AppData\Roaming\Code\User\globalStorage\vexrobotics.vexcode\sdk\cpp\V5\V5_20240802_15_00_00/vexv5\libv5rt.a(vex_imu.cpp.obj)
                0x03803378                vex::inertial::isCalibrating()
 .text._ZThn16_N3vex8inertial13isCalibratingEv
                0x038033b0        0x8 c:\Users\BearRiverRobotics1\AppData\Roaming\Code\User\globalStorage\vexrobotics.vexcode\sdk\cpp\V5\V5_20240802_15_00_00/vexv5\libv5rt.a(vex_imu.cpp.obj)
                0x038033b0                non-virtual thunk to vex::inertial::isCalibrating()
 .text._ZN3vex8inertialC2ElNS_8turnTypeE
                0x038033b8       0x4c c:\Users\BearRiverRobotics1\AppData\Roaming\Code\User\globalStorage\vexrobotics.vexcode\sdk\cpp\V5\V5_20240802_15_00_00/vexv5\libv5rt.a(vex_imu.cpp.obj)
                0x038033b8                vex::inertial::inertial(long, vex::turnType)
                0x038033b8                vex::inertial::inertial(long, vex::turnType)
 .text._ZN3vex8inertial16startCalibrationEl
                0x03803404       0x20 c:\Users\BearRiverRobotics1\AppData\Roaming\Code\User\globalStorage\vexrobotics.vexcode\sdk\cpp\V5\V5_20240802_15_00_00/vexv5\libv5rt.a(vex_imu.cpp.obj)
                0x03803404                vex::inertial::startCalibration(long)
 .text._ZN3vex8inertial9calibrateEl
                0x03803424        0xc c:\Users\BearRiverRobotics1\AppData\Roaming\Code\User\globalStorage\vexrobotics.vexcode\sdk\cpp\V5\V5_20240802_15_00_00/vexv5\libv5rt.a(vex_imu.cpp.obj)
                0x03803424                vex::inertial::calibrate(long)
                0x03803428                non-virtual thunk to vex::inertial::calibrate(long)
 .text._ZN3vex8rotationD2Ev
                0x03803430       0x20 c:\Users\BearRiverRobotics1\AppData\Roaming\Code\User\globalStorage\vexrobotics.vexcode\sdk\cpp\V5\V5_20240802_15_00_00/vexv5\libv5rt.a(vex_rotation.cpp.obj)
                0x03803430                vex::rotation::~rotation()
                0x03803430                vex::rotation::~rotation()
 .text._ZN3vex8rotationD0Ev
                0x03803450       0x1c c:\Users\BearRiverRobotics1\AppData\Roaming\Code\User\globalStorage\vexrobotics.vexcode\sdk\cpp\V5\V5_20240802_15_00_00/vexv5\libv5rt.a(vex_rotation.cpp.obj)
                0x03803450                vex::rotation::~rotation()
 .text._ZN3vex8rotation9installedEv
                0x0380346c       0x18 c:\Users\BearRiverRobotics1\AppData\Roaming\Code\User\globalStorage\vexrobotics.vexcode\sdk\cpp\V5\V5_20240802_15_00_00/vexv5\libv5rt.a(vex_rotation.cpp.obj)
                0x0380346c                vex::rotation::installed()
 .text._ZN3vex8rotation5valueEv
                0x03803484        0x8 c:\Users\BearRiverRobotics1\AppData\Roaming\Code\User\globalStorage\vexrobotics.vexcode\sdk\cpp\V5\V5_20240802_15_00_00/vexv5\libv5rt.a(vex_rotation.cpp.obj)
                0x03803484                vex::rotation::value()
 .text._ZN3vex8rotationC2Elb
                0x0380348c       0x30 c:\Users\BearRiverRobotics1\AppData\Roaming\Code\User\globalStorage\vexrobotics.vexcode\sdk\cpp\V5\V5_20240802_15_00_00/vexv5\libv5rt.a(vex_rotation.cpp.obj)
                0x0380348c                vex::rotation::rotation(long, bool)
                0x0380348c                vex::rotation::rotation(long, bool)
 *fill*         0x038034bc        0x4 
 .text._ZN3vex8rotation11setPositionEdNS_13rotationUnitsE
                0x038034c0       0x48 c:\Users\BearRiverRobotics1\AppData\Roaming\Code\User\globalStorage\vexrobotics.vexcode\sdk\cpp\V5\V5_20240802_15_00_00/vexv5\libv5rt.a(vex_rotation.cpp.obj)
                0x038034c0                vex::rotation::setPosition(double, vex::rotationUnits)
 .text._ZN3vex8rotation8positionENS_13rotationUnitsE
                0x03803508       0x50 c:\Users\BearRiverRobotics1\AppData\Roaming\Code\User\globalStorage\vexrobotics.vexcode\sdk\cpp\V5\V5_20240802_15_00_00/vexv5\libv5rt.a(vex_rotation.cpp.obj)
                0x03803508                vex::rotation::position(vex::rotationUnits)
 .text._ZN3vex7opticalD2Ev
                0x03803558       0x20 c:\Users\BearRiverRobotics1\AppData\Roaming\Code\User\globalStorage\vexrobotics.vexcode\sdk\cpp\V5\V5_20240802_15_00_00/vexv5\libv5rt.a(vex_optical.cpp.obj)
                0x03803558                vex::optical::~optical()
                0x03803558                vex::optical::~optical()
 .text._ZN3vex7opticalD0Ev
                0x03803578       0x1c c:\Users\BearRiverRobotics1\AppData\Roaming\Code\User\globalStorage\vexrobotics.vexcode\sdk\cpp\V5\V5_20240802_15_00_00/vexv5\libv5rt.a(vex_optical.cpp.obj)
                0x03803578                vex::optical::~optical()
 .text._ZN3vex7optical9installedEv
                0x03803594       0x18 c:\Users\BearRiverRobotics1\AppData\Roaming\Code\User\globalStorage\vexrobotics.vexcode\sdk\cpp\V5\V5_20240802_15_00_00/vexv5\libv5rt.a(vex_optical.cpp.obj)
                0x03803594                vex::optical::installed()
 .text._ZN3vex7optical3hueEv
                0x038035ac        0x8 c:\Users\BearRiverRobotics1\AppData\Roaming\Code\User\globalStorage\vexrobotics.vexcode\sdk\cpp\V5\V5_20240802_15_00_00/vexv5\libv5rt.a(vex_optical.cpp.obj)
                0x038035ac                vex::optical::hue()
 .text._ZN3vex7optical5valueEv
                0x038035b4       0x18 c:\Users\BearRiverRobotics1\AppData\Roaming\Code\User\globalStorage\vexrobotics.vexcode\sdk\cpp\V5\V5_20240802_15_00_00/vexv5\libv5rt.a(vex_optical.cpp.obj)
                0x038035b4                vex::optical::value()
 .text._ZN3vex7optical13setLightPowerElNS_12percentUnitsE
                0x038035cc       0x2c c:\Users\BearRiverRobotics1\AppData\Roaming\Code\User\globalStorage\vexrobotics.vexcode\sdk\cpp\V5\V5_20240802_15_00_00/vexv5\libv5rt.a(vex_optical.cpp.obj)
                0x038035cc                vex::optical::setLightPower(long, vex::percentUnits)
 .text._ZN3vex7optical13gestureEnableEv
                0x038035f8        0x8 c:\Users\BearRiverRobotics1\AppData\Roaming\Code\User\globalStorage\vexrobotics.vexcode\sdk\cpp\V5\V5_20240802_15_00_00/vexv5\libv5rt.a(vex_optical.cpp.obj)
                0x038035f8                vex::optical::gestureEnable()
 .text._ZN3vex7optical14gestureDisableEv
                0x03803600        0x8 c:\Users\BearRiverRobotics1\AppData\Roaming\Code\User\globalStorage\vexrobotics.vexcode\sdk\cpp\V5\V5_20240802_15_00_00/vexv5\libv5rt.a(vex_optical.cpp.obj)
                0x03803600                vex::optical::gestureDisable()
 .text._ZN3vex7opticalC2Elb
                0x03803608       0x54 c:\Users\BearRiverRobotics1\AppData\Roaming\Code\User\globalStorage\vexrobotics.vexcode\sdk\cpp\V5\V5_20240802_15_00_00/vexv5\libv5rt.a(vex_optical.cpp.obj)
                0x03803608                vex::optical::optical(long, bool)
                0x03803608                vex::optical::optical(long, bool)
 .text._ZN3vex10controllerD2Ev
                0x0380365c        0x4 c:\Users\BearRiverRobotics1\AppData\Roaming\Code\User\globalStorage\vexrobotics.vexcode\sdk\cpp\V5\V5_20240802_15_00_00/vexv5\libv5rt.a(vex_controller.cpp.obj)
                0x0380365c                vex::controller::~controller()
                0x0380365c                vex::controller::~controller()
 .text._ZN3vex10controller5valueE19_V5_ControllerIndex
                0x03803660        0x8 c:\Users\BearRiverRobotics1\AppData\Roaming\Code\User\globalStorage\vexrobotics.vexcode\sdk\cpp\V5\V5_20240802_15_00_00/vexv5\libv5rt.a(vex_controller.cpp.obj)
                0x03803660                vex::controller::value(_V5_ControllerIndex)
 .text._ZNK3vex10controller6button8pressingEv
                0x03803668       0xc8 c:\Users\BearRiverRobotics1\AppData\Roaming\Code\User\globalStorage\vexrobotics.vexcode\sdk\cpp\V5\V5_20240802_15_00_00/vexv5\libv5rt.a(vex_controller.cpp.obj)
                0x03803668                vex::controller::button::pressing() const
 .text._ZNK3vex10controller6button21_buttonToPressedEventEv
                0x03803730       0x20 c:\Users\BearRiverRobotics1\AppData\Roaming\Code\User\globalStorage\vexrobotics.vexcode\sdk\cpp\V5\V5_20240802_15_00_00/vexv5\libv5rt.a(vex_controller.cpp.obj)
                0x03803730                vex::controller::button::_buttonToPressedEvent() const
 .text._ZNK3vex10controller6button22_buttonToReleasedEventEv
                0x03803750       0x20 c:\Users\BearRiverRobotics1\AppData\Roaming\Code\User\globalStorage\vexrobotics.vexcode\sdk\cpp\V5\V5_20240802_15_00_00/vexv5\libv5rt.a(vex_controller.cpp.obj)
                0x03803750                vex::controller::button::_buttonToReleasedEvent() const
 .text._ZN3vex10controller6buttonC2ENS0_11tButtonTypeEPS0_
                0x03803770       0x48 c:\Users\BearRiverRobotics1\AppData\Roaming\Code\User\globalStorage\vexrobotics.vexcode\sdk\cpp\V5\V5_20240802_15_00_00/vexv5\libv5rt.a(vex_controller.cpp.obj)
                0x03803770                vex::controller::button::button(vex::controller::tButtonType, vex::controller*)
                0x03803770                vex::controller::button::button(vex::controller::tButtonType, vex::controller*)
 .text._ZNK3vex10controller4axis5valueEv
                0x038037b8       0x58 c:\Users\BearRiverRobotics1\AppData\Roaming\Code\User\globalStorage\vexrobotics.vexcode\sdk\cpp\V5\V5_20240802_15_00_00/vexv5\libv5rt.a(vex_controller.cpp.obj)
                0x038037b8                vex::controller::axis::value() const
 .text._ZNK3vex10controller4axis8positionENS_12percentUnitsE
                0x03803810       0x1c c:\Users\BearRiverRobotics1\AppData\Roaming\Code\User\globalStorage\vexrobotics.vexcode\sdk\cpp\V5\V5_20240802_15_00_00/vexv5\libv5rt.a(vex_controller.cpp.obj)
                0x03803810                vex::controller::axis::position(vex::percentUnits) const
 .text._ZNK3vex10controller4axis23_joystickToChangedEventEv
                0x0380382c       0x20 c:\Users\BearRiverRobotics1\AppData\Roaming\Code\User\globalStorage\vexrobotics.vexcode\sdk\cpp\V5\V5_20240802_15_00_00/vexv5\libv5rt.a(vex_controller.cpp.obj)
                0x0380382c                vex::controller::axis::_joystickToChangedEvent() const
 .text._ZN3vex10controller4axisC2ENS0_9tAxisTypeEPS0_
                0x0380384c       0x2c c:\Users\BearRiverRobotics1\AppData\Roaming\Code\User\globalStorage\vexrobotics.vexcode\sdk\cpp\V5\V5_20240802_15_00_00/vexv5\libv5rt.a(vex_controller.cpp.obj)
                0x0380384c                vex::controller::axis::axis(vex::controller::tAxisType, vex::controller*)
                0x0380384c                vex::controller::axis::axis(vex::controller::tAxisType, vex::controller*)
 .text._ZN3vex10controllerC2ENS_14controllerTypeE
                0x03803878      0x16c c:\Users\BearRiverRobotics1\AppData\Roaming\Code\User\globalStorage\vexrobotics.vexcode\sdk\cpp\V5\V5_20240802_15_00_00/vexv5\libv5rt.a(vex_controller.cpp.obj)
                0x03803878                vex::controller::controller(vex::controllerType)
                0x03803878                vex::controller::controller(vex::controllerType)
 .text._ZN3vex10controller3lcd15getControllerIdEv
                0x038039e4       0x10 c:\Users\BearRiverRobotics1\AppData\Roaming\Code\User\globalStorage\vexrobotics.vexcode\sdk\cpp\V5\V5_20240802_15_00_00/vexv5\libv5rt.a(vex_controller.cpp.obj)
                0x038039e4                vex::controller::lcd::getControllerId()
 .text._ZN3vex10controller3lcd5printEPKcz
                0x038039f4       0x80 c:\Users\BearRiverRobotics1\AppData\Roaming\Code\User\globalStorage\vexrobotics.vexcode\sdk\cpp\V5\V5_20240802_15_00_00/vexv5\libv5rt.a(vex_controller.cpp.obj)
                0x038039f4                vex::controller::lcd::print(char const*, ...)
 .text._ZN3vex4taskC2EPFivE
                0x03803a74       0x5c c:\Users\BearRiverRobotics1\AppData\Roaming\Code\User\globalStorage\vexrobotics.vexcode\sdk\cpp\V5\V5_20240802_15_00_00/vexv5\libv5rt.a(vex_task.cpp.obj)
                0x03803a74                vex::task::task(int (*)())
                0x03803a74                vex::task::task(int (*)())
 .text._ZN3vex4taskD2Ev
                0x03803ad0        0x4 c:\Users\BearRiverRobotics1\AppData\Roaming\Code\User\globalStorage\vexrobotics.vexcode\sdk\cpp\V5\V5_20240802_15_00_00/vexv5\libv5rt.a(vex_task.cpp.obj)
                0x03803ad0                vex::task::~task()
                0x03803ad0                vex::task::~task()
 .text._ZN3vex4task4stopEPvi
                0x03803ad4       0x1c c:\Users\BearRiverRobotics1\AppData\Roaming\Code\User\globalStorage\vexrobotics.vexcode\sdk\cpp\V5\V5_20240802_15_00_00/vexv5\libv5rt.a(vex_task.cpp.obj)
                0x03803ad4                vex::task::stop(void*, int)
 .text._ZN3vex4task6_indexEPFivE
                0x03803af0       0x14 c:\Users\BearRiverRobotics1\AppData\Roaming\Code\User\globalStorage\vexrobotics.vexcode\sdk\cpp\V5\V5_20240802_15_00_00/vexv5\libv5rt.a(vex_task.cpp.obj)
                0x03803af0                vex::task::_index(int (*)())
 .text._ZN3vex4task8_stopAllEv
                0x03803b04       0x3c c:\Users\BearRiverRobotics1\AppData\Roaming\Code\User\globalStorage\vexrobotics.vexcode\sdk\cpp\V5\V5_20240802_15_00_00/vexv5\libv5rt.a(vex_task.cpp.obj)
                0x03803b04                vex::task::_stopAll()
 .text._ZN3vex11this_thread9sleep_forEm
                0x03803b40        0x4 c:\Users\BearRiverRobotics1\AppData\Roaming\Code\User\globalStorage\vexrobotics.vexcode\sdk\cpp\V5\V5_20240802_15_00_00/vexv5\libv5rt.a(vex_thread.cpp.obj)
                0x03803b40                vex::this_thread::sleep_for(unsigned long)
 .text._ZN3vex5event4initEmmPFvvE
                0x03803b44        0x4 c:\Users\BearRiverRobotics1\AppData\Roaming\Code\User\globalStorage\vexrobotics.vexcode\sdk\cpp\V5\V5_20240802_15_00_00/vexv5\libv5rt.a(vex_event.cpp.obj)
                0x03803b44                vex::event::init(unsigned long, unsigned long, void (*)())
 .text._ZN3vex5event4initEmmPFvPvES1_
                0x03803b48        0x4 c:\Users\BearRiverRobotics1\AppData\Roaming\Code\User\globalStorage\vexrobotics.vexcode\sdk\cpp\V5\V5_20240802_15_00_00/vexv5\libv5rt.a(vex_event.cpp.obj)
                0x03803b48                vex::event::init(unsigned long, unsigned long, void (*)(void*), void*)
 .text._ZN3vex5event9userindexEv
                0x03803b4c        0x4 c:\Users\BearRiverRobotics1\AppData\Roaming\Code\User\globalStorage\vexrobotics.vexcode\sdk\cpp\V5\V5_20240802_15_00_00/vexv5\libv5rt.a(vex_event.cpp.obj)
                0x03803b4c                vex::event::userindex()
 .text._ZZN3vex6meventC4EmmENUlvE_4_FUNEv
                0x03803b50        0x4 c:\Users\BearRiverRobotics1\AppData\Roaming\Code\User\globalStorage\vexrobotics.vexcode\sdk\cpp\V5\V5_20240802_15_00_00/vexv5\libv5rt.a(vex_mevent.cpp.obj)
 .text._ZN3vex6meventC2Emm
                0x03803b54       0x70 c:\Users\BearRiverRobotics1\AppData\Roaming\Code\User\globalStorage\vexrobotics.vexcode\sdk\cpp\V5\V5_20240802_15_00_00/vexv5\libv5rt.a(vex_mevent.cpp.obj)
                0x03803b54                vex::mevent::mevent(unsigned long, unsigned long)
                0x03803b54                vex::mevent::mevent(unsigned long, unsigned long)
 .text._ZN3vex5brain9_getIndexEv
                0x03803bc4       0x10 c:\Users\BearRiverRobotics1\AppData\Roaming\Code\User\globalStorage\vexrobotics.vexcode\sdk\cpp\V5\V5_20240802_15_00_00/vexv5\libv5rt.a(vex_brain.cpp.obj)
                0x03803bc4                vex::brain::_getIndex()
 .text._ZN3vex5brain3lcd9setCursorEll
                0x03803bd4       0x44 c:\Users\BearRiverRobotics1\AppData\Roaming\Code\User\globalStorage\vexrobotics.vexcode\sdk\cpp\V5\V5_20240802_15_00_00/vexv5\libv5rt.a(vex_brain.cpp.obj)
                0x03803bd4                vex::brain::lcd::setCursor(long, long)
 .text._ZN3vex5brain3lcd7setFontENS_8fontTypeE
                0x03803c18      0x23c c:\Users\BearRiverRobotics1\AppData\Roaming\Code\User\globalStorage\vexrobotics.vexcode\sdk\cpp\V5\V5_20240802_15_00_00/vexv5\libv5rt.a(vex_brain.cpp.obj)
                0x03803c18                vex::brain::lcd::setFont(vex::fontType)
 .text._ZN3vex5brain3lcdC2Ev
                0x03803e54       0x94 c:\Users\BearRiverRobotics1\AppData\Roaming\Code\User\globalStorage\vexrobotics.vexcode\sdk\cpp\V5\V5_20240802_15_00_00/vexv5\libv5rt.a(vex_brain.cpp.obj)
                0x03803e54                vex::brain::lcd::lcd()
                0x03803e54                vex::brain::lcd::lcd()
 .text._ZN3vex5brainC2Ev
                0x03803ee8       0x3c c:\Users\BearRiverRobotics1\AppData\Roaming\Code\User\globalStorage\vexrobotics.vexcode\sdk\cpp\V5\V5_20240802_15_00_00/vexv5\libv5rt.a(vex_brain.cpp.obj)
                0x03803ee8                vex::brain::brain()
                0x03803ee8                vex::brain::brain()
 .text._ZN3vex5brain3lcd11setPenColorERKNS_5colorE
                0x03803f24       0x14 c:\Users\BearRiverRobotics1\AppData\Roaming\Code\User\globalStorage\vexrobotics.vexcode\sdk\cpp\V5\V5_20240802_15_00_00/vexv5\libv5rt.a(vex_brain.cpp.obj)
                0x03803f24                vex::brain::lcd::setPenColor(vex::color const&)
 .text._ZN3vex5brain3lcd12setFillColorERKNS_5colorE
                0x03803f38       0x38 c:\Users\BearRiverRobotics1\AppData\Roaming\Code\User\globalStorage\vexrobotics.vexcode\sdk\cpp\V5\V5_20240802_15_00_00/vexv5\libv5rt.a(vex_brain.cpp.obj)
                0x03803f38                vex::brain::lcd::setFillColor(vex::color const&)
 .text._ZN3vex5brain3lcd12_clearScreenEm
                0x03803f70       0x38 c:\Users\BearRiverRobotics1\AppData\Roaming\Code\User\globalStorage\vexrobotics.vexcode\sdk\cpp\V5\V5_20240802_15_00_00/vexv5\libv5rt.a(vex_brain.cpp.obj)
                0x03803f70                vex::brain::lcd::_clearScreen(unsigned long)
 .text._ZN3vex5brain3lcd11clearScreenERKNS_5colorE
                0x03803fa8       0x20 c:\Users\BearRiverRobotics1\AppData\Roaming\Code\User\globalStorage\vexrobotics.vexcode\sdk\cpp\V5\V5_20240802_15_00_00/vexv5\libv5rt.a(vex_brain.cpp.obj)
                0x03803fa8                vex::brain::lcd::clearScreen(vex::color const&)
 .text._ZN3vex5brain3lcd11clearScreenEv
                0x03803fc8       0x2c c:\Users\BearRiverRobotics1\AppData\Roaming\Code\User\globalStorage\vexrobotics.vexcode\sdk\cpp\V5\V5_20240802_15_00_00/vexv5\libv5rt.a(vex_brain.cpp.obj)
                0x03803fc8                vex::brain::lcd::clearScreen()
 .text._ZN3vex5brain3lcd13drawRectangleEiiii
                0x03803ff4       0xdc c:\Users\BearRiverRobotics1\AppData\Roaming\Code\User\globalStorage\vexrobotics.vexcode\sdk\cpp\V5\V5_20240802_15_00_00/vexv5\libv5rt.a(vex_brain.cpp.obj)
                0x03803ff4                vex::brain::lcd::drawRectangle(int, int, int, int)
 .text._ZN3vex5brain3lcd9xPositionEv
                0x038040d0       0x24 c:\Users\BearRiverRobotics1\AppData\Roaming\Code\User\globalStorage\vexrobotics.vexcode\sdk\cpp\V5\V5_20240802_15_00_00/vexv5\libv5rt.a(vex_brain.cpp.obj)
                0x038040d0                vex::brain::lcd::xPosition()
 .text._ZN3vex5brain3lcd9yPositionEv
                0x038040f4       0x24 c:\Users\BearRiverRobotics1\AppData\Roaming\Code\User\globalStorage\vexrobotics.vexcode\sdk\cpp\V5\V5_20240802_15_00_00/vexv5\libv5rt.a(vex_brain.cpp.obj)
                0x038040f4                vex::brain::lcd::yPosition()
 .text._ZN3vex5brain3lcd8pressingEv
                0x03804118       0x20 c:\Users\BearRiverRobotics1\AppData\Roaming\Code\User\globalStorage\vexrobotics.vexcode\sdk\cpp\V5\V5_20240802_15_00_00/vexv5\libv5rt.a(vex_brain.cpp.obj)
                0x03804118                vex::brain::lcd::pressing()
 .text._ZN3vex5brain3lcd10rowToPixelEl
                0x03804138       0x34 c:\Users\BearRiverRobotics1\AppData\Roaming\Code\User\globalStorage\vexrobotics.vexcode\sdk\cpp\V5\V5_20240802_15_00_00/vexv5\libv5rt.a(vex_brain.cpp.obj)
                0x03804138                vex::brain::lcd::rowToPixel(long)
 .text._ZN3vex5brain3lcd5printEPKcz
                0x0380416c       0xb8 c:\Users\BearRiverRobotics1\AppData\Roaming\Code\User\globalStorage\vexrobotics.vexcode\sdk\cpp\V5\V5_20240802_15_00_00/vexv5\libv5rt.a(vex_brain.cpp.obj)
                0x0380416c                vex::brain::lcd::print(char const*, ...)
 *fill*         0x03804224        0x4 
 .text._ZN3vex5brain3lcd8hueToRgbEm
                0x03804228       0xe0 c:\Users\BearRiverRobotics1\AppData\Roaming\Code\User\globalStorage\vexrobotics.vexcode\sdk\cpp\V5\V5_20240802_15_00_00/vexv5\libv5rt.a(vex_brain.cpp.obj)
                0x03804228                vex::brain::lcd::hueToRgb(unsigned long)
 .text._ZN3vex5brain3lcd12setFillColorEi
                0x03804308       0x1c c:\Users\BearRiverRobotics1\AppData\Roaming\Code\User\globalStorage\vexrobotics.vexcode\sdk\cpp\V5\V5_20240802_15_00_00/vexv5\libv5rt.a(vex_brain.cpp.obj)
                0x03804308                vex::brain::lcd::setFillColor(int)
 .text._ZN3vex5brainD2Ev
                0x03804324       0x20 c:\Users\BearRiverRobotics1\AppData\Roaming\Code\User\globalStorage\vexrobotics.vexcode\sdk\cpp\V5\V5_20240802_15_00_00/vexv5\libv5rt.a(vex_brain.cpp.obj)
                0x03804324                vex::brain::~brain()
                0x03804324                vex::brain::~brain()
 .text._ZN3vex11competition8_disableEPv
                0x03804344       0xa4 c:\Users\BearRiverRobotics1\AppData\Roaming\Code\User\globalStorage\vexrobotics.vexcode\sdk\cpp\V5\V5_20240802_15_00_00/vexv5\libv5rt.a(vex_competition.cpp.obj)
                0x03804344                vex::competition::_disable(void*)
 .text._ZN3vex11competition11_autonomousEv
                0x038043e8       0x80 c:\Users\BearRiverRobotics1\AppData\Roaming\Code\User\globalStorage\vexrobotics.vexcode\sdk\cpp\V5\V5_20240802_15_00_00/vexv5\libv5rt.a(vex_competition.cpp.obj)
                0x038043e8                vex::competition::_autonomous()
 .text._ZN3vex11competition14_drivercontrolEv
                0x03804468       0x80 c:\Users\BearRiverRobotics1\AppData\Roaming\Code\User\globalStorage\vexrobotics.vexcode\sdk\cpp\V5\V5_20240802_15_00_00/vexv5\libv5rt.a(vex_competition.cpp.obj)
                0x03804468                vex::competition::_drivercontrol()
 .text._ZN3vex11competitionC2Ev
                0x038044e8      0x13c c:\Users\BearRiverRobotics1\AppData\Roaming\Code\User\globalStorage\vexrobotics.vexcode\sdk\cpp\V5\V5_20240802_15_00_00/vexv5\libv5rt.a(vex_competition.cpp.obj)
                0x038044e8                vex::competition::competition()
                0x038044e8                vex::competition::competition()
 .text._ZN3vex11competitionD2Ev
                0x03804624        0x4 c:\Users\BearRiverRobotics1\AppData\Roaming\Code\User\globalStorage\vexrobotics.vexcode\sdk\cpp\V5\V5_20240802_15_00_00/vexv5\libv5rt.a(vex_competition.cpp.obj)
                0x03804624                vex::competition::~competition()
                0x03804624                vex::competition::~competition()
 .text._ZN3vex11competition10autonomousEPFvvE
                0x03804628       0x44 c:\Users\BearRiverRobotics1\AppData\Roaming\Code\User\globalStorage\vexrobotics.vexcode\sdk\cpp\V5\V5_20240802_15_00_00/vexv5\libv5rt.a(vex_competition.cpp.obj)
                0x03804628                vex::competition::autonomous(void (*)())
 .text._ZN3vex11competition13drivercontrolEPFvvE
                0x0380466c       0x44 c:\Users\BearRiverRobotics1\AppData\Roaming\Code\User\globalStorage\vexrobotics.vexcode\sdk\cpp\V5\V5_20240802_15_00_00/vexv5\libv5rt.a(vex_competition.cpp.obj)
                0x0380466c                vex::competition::drivercontrol(void (*)())
 .text._ZN3vex7triportD2Ev
                0x038046b0       0x38 c:\Users\BearRiverRobotics1\AppData\Roaming\Code\User\globalStorage\vexrobotics.vexcode\sdk\cpp\V5\V5_20240802_15_00_00/vexv5\libv5rt.a(vex_triport.cpp.obj)
                0x038046b0                vex::triport::~triport()
                0x038046b0                vex::triport::~triport()
 .text._ZN3vex7triportD0Ev
                0x038046e8       0x1c c:\Users\BearRiverRobotics1\AppData\Roaming\Code\User\globalStorage\vexrobotics.vexcode\sdk\cpp\V5\V5_20240802_15_00_00/vexv5\libv5rt.a(vex_triport.cpp.obj)
                0x038046e8                vex::triport::~triport()
 .text._ZN3vex7triport9installedEv
                0x03804704       0x18 c:\Users\BearRiverRobotics1\AppData\Roaming\Code\User\globalStorage\vexrobotics.vexcode\sdk\cpp\V5\V5_20240802_15_00_00/vexv5\libv5rt.a(vex_triport.cpp.obj)
                0x03804704                vex::triport::installed()
 .text._ZN3vex7triport4portC2ElPS0_
                0x0380471c       0x74 c:\Users\BearRiverRobotics1\AppData\Roaming\Code\User\globalStorage\vexrobotics.vexcode\sdk\cpp\V5\V5_20240802_15_00_00/vexv5\libv5rt.a(vex_triport.cpp.obj)
                0x0380471c                vex::triport::port::port(long, vex::triport*)
                0x0380471c                vex::triport::port::port(long, vex::triport*)
 .text._ZN3vex7triportC2El
                0x03804790       0xf0 c:\Users\BearRiverRobotics1\AppData\Roaming\Code\User\globalStorage\vexrobotics.vexcode\sdk\cpp\V5\V5_20240802_15_00_00/vexv5\libv5rt.a(vex_triport.cpp.obj)
                0x03804790                vex::triport::triport(long)
                0x03804790                vex::triport::triport(long)
 .text._ZN3vex7triport4port4typeENS_11triportTypeE
                0x03804880       0x30 c:\Users\BearRiverRobotics1\AppData\Roaming\Code\User\globalStorage\vexrobotics.vexcode\sdk\cpp\V5\V5_20240802_15_00_00/vexv5\libv5rt.a(vex_triport.cpp.obj)
                0x03804880                vex::triport::port::type(vex::triportType)
 .text._ZN3vex7triport4port4typeEv
                0x038048b0       0x38 c:\Users\BearRiverRobotics1\AppData\Roaming\Code\User\globalStorage\vexrobotics.vexcode\sdk\cpp\V5\V5_20240802_15_00_00/vexv5\libv5rt.a(vex_triport.cpp.obj)
                0x038048b0                vex::triport::port::type()
 .text._ZN3vex7triport4port5valueEl
                0x038048e8       0x18 c:\Users\BearRiverRobotics1\AppData\Roaming\Code\User\globalStorage\vexrobotics.vexcode\sdk\cpp\V5\V5_20240802_15_00_00/vexv5\libv5rt.a(vex_triport.cpp.obj)
                0x038048e8                vex::triport::port::value(long)
 .text._ZN3vex11__trideviceC2ERNS_7triport4portENS_11triportTypeE
                0x03804900       0x5c c:\Users\BearRiverRobotics1\AppData\Roaming\Code\User\globalStorage\vexrobotics.vexcode\sdk\cpp\V5\V5_20240802_15_00_00/vexv5\libv5rt.a(vex_triport.cpp.obj)
                0x03804900                vex::__tridevice::__tridevice(vex::triport::port&, vex::triportType)
                0x03804900                vex::__tridevice::__tridevice(vex::triport::port&, vex::triportType)
 .text._ZN3vex11digital_outC2ERNS_7triport4portE
                0x0380495c       0x18 c:\Users\BearRiverRobotics1\AppData\Roaming\Code\User\globalStorage\vexrobotics.vexcode\sdk\cpp\V5\V5_20240802_15_00_00/vexv5\libv5rt.a(vex_triport.cpp.obj)
                0x0380495c                vex::digital_out::digital_out(vex::triport::port&)
                0x0380495c                vex::digital_out::digital_out(vex::triport::port&)
 .text._ZN3vex11digital_outD2Ev
                0x03804974        0x4 c:\Users\BearRiverRobotics1\AppData\Roaming\Code\User\globalStorage\vexrobotics.vexcode\sdk\cpp\V5\V5_20240802_15_00_00/vexv5\libv5rt.a(vex_triport.cpp.obj)
                0x03804974                vex::digital_out::~digital_out()
                0x03804974                vex::digital_out::~digital_out()
 .text._ZN3vex11digital_out3setEb
                0x03804978        0x8 c:\Users\BearRiverRobotics1\AppData\Roaming\Code\User\globalStorage\vexrobotics.vexcode\sdk\cpp\V5\V5_20240802_15_00_00/vexv5\libv5rt.a(vex_triport.cpp.obj)
                0x03804978                vex::digital_out::set(bool)
 .text._ZN3vex5colorD2Ev
                0x03804980        0x4 c:\Users\BearRiverRobotics1\AppData\Roaming\Code\User\globalStorage\vexrobotics.vexcode\sdk\cpp\V5\V5_20240802_15_00_00/vexv5\libv5rt.a(vex_color.cpp.obj)
                0x03804980                vex::color::~color()
                0x03804980                vex::color::~color()
 .text._ZNK3vex5colorcvmEv
                0x03804984        0x8 c:\Users\BearRiverRobotics1\AppData\Roaming\Code\User\globalStorage\vexrobotics.vexcode\sdk\cpp\V5\V5_20240802_15_00_00/vexv5\libv5rt.a(vex_color.cpp.obj)
                0x03804984                vex::color::operator unsigned long() const
 .text._ZNK3vex5color13isTransparentEv
                0x0380498c        0x8 c:\Users\BearRiverRobotics1\AppData\Roaming\Code\User\globalStorage\vexrobotics.vexcode\sdk\cpp\V5\V5_20240802_15_00_00/vexv5\libv5rt.a(vex_color.cpp.obj)
                0x0380498c                vex::color::isTransparent() const
 .text.startup._GLOBAL__sub_I__ZN3vex5color5blackE
                0x03804994      0x164 c:\Users\BearRiverRobotics1\AppData\Roaming\Code\User\globalStorage\vexrobotics.vexcode\sdk\cpp\V5\V5_20240802_15_00_00/vexv5\libv5rt.a(vex_color.cpp.obj)
 .text._ZN3vex5timerD2Ev
                0x03804af8        0x4 c:\Users\BearRiverRobotics1\AppData\Roaming\Code\User\globalStorage\vexrobotics.vexcode\sdk\cpp\V5\V5_20240802_15_00_00/vexv5\libv5rt.a(vex_timer.cpp.obj)
                0x03804af8                vex::timer::~timer()
                0x03804af8                vex::timer::~timer()
 .text._ZN3vex5timer5clearEv
                0x03804afc       0x1c c:\Users\BearRiverRobotics1\AppData\Roaming\Code\User\globalStorage\vexrobotics.vexcode\sdk\cpp\V5\V5_20240802_15_00_00/vexv5\libv5rt.a(vex_timer.cpp.obj)
                0x03804afc                vex::timer::clear()
 .text._ZN3vex5timerC2Ev
                0x03804b18       0x14 c:\Users\BearRiverRobotics1\AppData\Roaming\Code\User\globalStorage\vexrobotics.vexcode\sdk\cpp\V5\V5_20240802_15_00_00/vexv5\libv5rt.a(vex_timer.cpp.obj)
                0x03804b18                vex::timer::timer()
                0x03804b18                vex::timer::timer()
 .text._ZN3vex11motor_group18motor_group_motorsC2Ev
                0x03804b2c       0x28 c:\Users\BearRiverRobotics1\AppData\Roaming\Code\User\globalStorage\vexrobotics.vexcode\sdk\cpp\V5\V5_20240802_15_00_00/vexv5\libv5rt.a(vex_motorgroup.cpp.obj)
                0x03804b2c                vex::motor_group::motor_group_motors::motor_group_motors()
                0x03804b2c                vex::motor_group::motor_group_motors::motor_group_motors()
 .text._ZN3vex11motor_group18motor_group_motorsC2ERKS1_
                0x03804b54       0x20 c:\Users\BearRiverRobotics1\AppData\Roaming\Code\User\globalStorage\vexrobotics.vexcode\sdk\cpp\V5\V5_20240802_15_00_00/vexv5\libv5rt.a(vex_motorgroup.cpp.obj)
                0x03804b54                vex::motor_group::motor_group_motors::motor_group_motors(vex::motor_group::motor_group_motors const&)
                0x03804b54                vex::motor_group::motor_group_motors::motor_group_motors(vex::motor_group::motor_group_motors const&)
 .text._ZN3vex11motor_groupC2Ev
                0x03804b74       0x1c c:\Users\BearRiverRobotics1\AppData\Roaming\Code\User\globalStorage\vexrobotics.vexcode\sdk\cpp\V5\V5_20240802_15_00_00/vexv5\libv5rt.a(vex_motorgroup.cpp.obj)
                0x03804b74                vex::motor_group::motor_group()
                0x03804b74                vex::motor_group::motor_group()
 .text._ZN3vex11motor_groupD2Ev
                0x03804b90        0x4 c:\Users\BearRiverRobotics1\AppData\Roaming\Code\User\globalStorage\vexrobotics.vexcode\sdk\cpp\V5\V5_20240802_15_00_00/vexv5\libv5rt.a(vex_motorgroup.cpp.obj)
                0x03804b90                vex::motor_group::~motor_group()
                0x03804b90                vex::motor_group::~motor_group()
 .text._ZN3vex11motor_group9_addMotorERNS_5motorE
                0x03804b94       0x20 c:\Users\BearRiverRobotics1\AppData\Roaming\Code\User\globalStorage\vexrobotics.vexcode\sdk\cpp\V5\V5_20240802_15_00_00/vexv5\libv5rt.a(vex_motorgroup.cpp.obj)
                0x03804b94                vex::motor_group::_addMotor(vex::motor&)
 .text._ZN3vex11motor_group11setVelocityEdNS_13velocityUnitsE
                0x03804bb4       0x4c c:\Users\BearRiverRobotics1\AppData\Roaming\Code\User\globalStorage\vexrobotics.vexcode\sdk\cpp\V5\V5_20240802_15_00_00/vexv5\libv5rt.a(vex_motorgroup.cpp.obj)
                0x03804bb4                vex::motor_group::setVelocity(double, vex::velocityUnits)
 .text._ZN3vex11motor_group4spinENS_13directionTypeE
                0x03804c00       0x38 c:\Users\BearRiverRobotics1\AppData\Roaming\Code\User\globalStorage\vexrobotics.vexcode\sdk\cpp\V5\V5_20240802_15_00_00/vexv5\libv5rt.a(vex_motorgroup.cpp.obj)
                0x03804c00                vex::motor_group::spin(vex::directionType)
 .text._ZN3vex11motor_group4spinENS_13directionTypeEdNS_13velocityUnitsE
                0x03804c38       0x54 c:\Users\BearRiverRobotics1\AppData\Roaming\Code\User\globalStorage\vexrobotics.vexcode\sdk\cpp\V5\V5_20240802_15_00_00/vexv5\libv5rt.a(vex_motorgroup.cpp.obj)
                0x03804c38                vex::motor_group::spin(vex::directionType, double, vex::velocityUnits)
 .text._ZN3vex11motor_group10isSpinningEv
                0x03804c8c       0x40 c:\Users\BearRiverRobotics1\AppData\Roaming\Code\User\globalStorage\vexrobotics.vexcode\sdk\cpp\V5\V5_20240802_15_00_00/vexv5\libv5rt.a(vex_motorgroup.cpp.obj)
                0x03804c8c                vex::motor_group::isSpinning()
 .text._ZN3vex11motor_group6isDoneEv
                0x03804ccc       0x14 c:\Users\BearRiverRobotics1\AppData\Roaming\Code\User\globalStorage\vexrobotics.vexcode\sdk\cpp\V5\V5_20240802_15_00_00/vexv5\libv5rt.a(vex_motorgroup.cpp.obj)
                0x03804ccc                vex::motor_group::isDone()
 .text._ZN3vex11motor_group14isSpinningModeEv
                0x03804ce0       0x40 c:\Users\BearRiverRobotics1\AppData\Roaming\Code\User\globalStorage\vexrobotics.vexcode\sdk\cpp\V5\V5_20240802_15_00_00/vexv5\libv5rt.a(vex_motorgroup.cpp.obj)
                0x03804ce0                vex::motor_group::isSpinningMode()
 .text._ZN3vex11motor_group4stopEv
                0x03804d20       0x30 c:\Users\BearRiverRobotics1\AppData\Roaming\Code\User\globalStorage\vexrobotics.vexcode\sdk\cpp\V5\V5_20240802_15_00_00/vexv5\libv5rt.a(vex_motorgroup.cpp.obj)
                0x03804d20                vex::motor_group::stop()
 .text._ZN3vex11motor_group20waitForCompletionAllEv
                0x03804d50       0x60 c:\Users\BearRiverRobotics1\AppData\Roaming\Code\User\globalStorage\vexrobotics.vexcode\sdk\cpp\V5\V5_20240802_15_00_00/vexv5\libv5rt.a(vex_motorgroup.cpp.obj)
                0x03804d50                vex::motor_group::waitForCompletionAll()
 .text._ZN3vex11motor_group7spinForENS_13directionTypeEdNS_13rotationUnitsEdNS_13velocityUnitsEb
                0x03804db0       0xa8 c:\Users\BearRiverRobotics1\AppData\Roaming\Code\User\globalStorage\vexrobotics.vexcode\sdk\cpp\V5\V5_20240802_15_00_00/vexv5\libv5rt.a(vex_motorgroup.cpp.obj)
                0x03804db0                vex::motor_group::spinFor(vex::directionType, double, vex::rotationUnits, double, vex::velocityUnits, bool)
 .text._ZN3vex11motor_group7spinForENS_13directionTypeEdNS_13rotationUnitsEb
                0x03804e58       0x80 c:\Users\BearRiverRobotics1\AppData\Roaming\Code\User\globalStorage\vexrobotics.vexcode\sdk\cpp\V5\V5_20240802_15_00_00/vexv5\libv5rt.a(vex_motorgroup.cpp.obj)
                0x03804e58                vex::motor_group::spinFor(vex::directionType, double, vex::rotationUnits, bool)
 .text._ZN3vex10drivetrainD2Ev
                0x03804ed8       0x28 c:\Users\BearRiverRobotics1\AppData\Roaming\Code\User\globalStorage\vexrobotics.vexcode\sdk\cpp\V5\V5_20240802_15_00_00/vexv5\libv5rt.a(vex_drivetrain.cpp.obj)
                0x03804ed8                vex::drivetrain::~drivetrain()
                0x03804ed8                vex::drivetrain::~drivetrain()
 .text._ZN3vex10drivetrainD0Ev
                0x03804f00       0x1c c:\Users\BearRiverRobotics1\AppData\Roaming\Code\User\globalStorage\vexrobotics.vexcode\sdk\cpp\V5\V5_20240802_15_00_00/vexv5\libv5rt.a(vex_drivetrain.cpp.obj)
                0x03804f00                vex::drivetrain::~drivetrain()
 .text._ZN3vex10drivetrain8isMovingEv
                0x03804f1c       0x24 c:\Users\BearRiverRobotics1\AppData\Roaming\Code\User\globalStorage\vexrobotics.vexcode\sdk\cpp\V5\V5_20240802_15_00_00/vexv5\libv5rt.a(vex_drivetrain.cpp.obj)
                0x03804f1c                vex::drivetrain::isMoving()
 .text._ZN3vex10drivetrain16setDriveVelocityEdNS_13velocityUnitsE
                0x03804f40       0x48 c:\Users\BearRiverRobotics1\AppData\Roaming\Code\User\globalStorage\vexrobotics.vexcode\sdk\cpp\V5\V5_20240802_15_00_00/vexv5\libv5rt.a(vex_drivetrain.cpp.obj)
                0x03804f40                vex::drivetrain::setDriveVelocity(double, vex::velocityUnits)
 .text._ZN3vex10drivetrain12setGearRatioEd
                0x03804f88       0x54 c:\Users\BearRiverRobotics1\AppData\Roaming\Code\User\globalStorage\vexrobotics.vexcode\sdk\cpp\V5\V5_20240802_15_00_00/vexv5\libv5rt.a(vex_drivetrain.cpp.obj)
                0x03804f88                vex::drivetrain::setGearRatio(double)
 .text._ZN3vex10drivetrain16setDriveVelocityEdNS_12percentUnitsE
                0x03804fdc        0x4 c:\Users\BearRiverRobotics1\AppData\Roaming\Code\User\globalStorage\vexrobotics.vexcode\sdk\cpp\V5\V5_20240802_15_00_00/vexv5\libv5rt.a(vex_drivetrain.cpp.obj)
                0x03804fdc                vex::drivetrain::setDriveVelocity(double, vex::percentUnits)
 .text._ZN3vex10drivetrain4turnENS_8turnTypeE
                0x03804fe0       0x50 c:\Users\BearRiverRobotics1\AppData\Roaming\Code\User\globalStorage\vexrobotics.vexcode\sdk\cpp\V5\V5_20240802_15_00_00/vexv5\libv5rt.a(vex_drivetrain.cpp.obj)
                0x03804fe0                vex::drivetrain::turn(vex::turnType)
 .text._ZN3vex10drivetrain15setTurnVelocityEdNS_13velocityUnitsE
                0x03805030       0x28 c:\Users\BearRiverRobotics1\AppData\Roaming\Code\User\globalStorage\vexrobotics.vexcode\sdk\cpp\V5\V5_20240802_15_00_00/vexv5\libv5rt.a(vex_drivetrain.cpp.obj)
                0x03805030                vex::drivetrain::setTurnVelocity(double, vex::velocityUnits)
 .text._ZN3vex10drivetrain6isDoneEv
                0x03805058       0x14 c:\Users\BearRiverRobotics1\AppData\Roaming\Code\User\globalStorage\vexrobotics.vexcode\sdk\cpp\V5\V5_20240802_15_00_00/vexv5\libv5rt.a(vex_drivetrain.cpp.obj)
                0x03805058                vex::drivetrain::isDone()
 .text._ZN3vex10drivetrain4stopEv
                0x0380506c       0x24 c:\Users\BearRiverRobotics1\AppData\Roaming\Code\User\globalStorage\vexrobotics.vexcode\sdk\cpp\V5\V5_20240802_15_00_00/vexv5\libv5rt.a(vex_drivetrain.cpp.obj)
                0x0380506c                vex::drivetrain::stop()
 .text._ZN3vex10drivetrain21_waitForCompletionAllEv
                0x03805090       0x80 c:\Users\BearRiverRobotics1\AppData\Roaming\Code\User\globalStorage\vexrobotics.vexcode\sdk\cpp\V5\V5_20240802_15_00_00/vexv5\libv5rt.a(vex_drivetrain.cpp.obj)
                0x03805090                vex::drivetrain::_waitForCompletionAll()
 .text._ZN3vex10drivetrain12distanceToMmEdNS_13distanceUnitsE
                0x03805110       0x38 c:\Users\BearRiverRobotics1\AppData\Roaming\Code\User\globalStorage\vexrobotics.vexcode\sdk\cpp\V5\V5_20240802_15_00_00/vexv5\libv5rt.a(vex_drivetrain.cpp.obj)
                0x03805110                vex::drivetrain::distanceToMm(double, vex::distanceUnits)
 .text._ZN3vex10drivetrainC2ERNS_11motor_groupES2_dddNS_13distanceUnitsEd
                0x03805148      0x110 c:\Users\BearRiverRobotics1\AppData\Roaming\Code\User\globalStorage\vexrobotics.vexcode\sdk\cpp\V5\V5_20240802_15_00_00/vexv5\libv5rt.a(vex_drivetrain.cpp.obj)
                0x03805148                vex::drivetrain::drivetrain(vex::motor_group&, vex::motor_group&, double, double, double, vex::distanceUnits, double)
                0x03805148                vex::drivetrain::drivetrain(vex::motor_group&, vex::motor_group&, double, double, double, vex::distanceUnits, double)
 .text._ZN3vex10drivetrain14distanceToRevsEdNS_13distanceUnitsE
                0x03805258       0x34 c:\Users\BearRiverRobotics1\AppData\Roaming\Code\User\globalStorage\vexrobotics.vexcode\sdk\cpp\V5\V5_20240802_15_00_00/vexv5\libv5rt.a(vex_drivetrain.cpp.obj)
                0x03805258                vex::drivetrain::distanceToRevs(double, vex::distanceUnits)
 .text._ZN3vex10drivetrain8driveForENS_13directionTypeEdNS_13distanceUnitsEb
                0x0380528c       0x90 c:\Users\BearRiverRobotics1\AppData\Roaming\Code\User\globalStorage\vexrobotics.vexcode\sdk\cpp\V5\V5_20240802_15_00_00/vexv5\libv5rt.a(vex_drivetrain.cpp.obj)
                0x0380528c                vex::drivetrain::driveFor(vex::directionType, double, vex::distanceUnits, bool)
 .text._ZN3vex10drivetrain8driveForEdNS_13distanceUnitsEb
                0x0380531c       0x10 c:\Users\BearRiverRobotics1\AppData\Roaming\Code\User\globalStorage\vexrobotics.vexcode\sdk\cpp\V5\V5_20240802_15_00_00/vexv5\libv5rt.a(vex_drivetrain.cpp.obj)
                0x0380531c                vex::drivetrain::driveFor(double, vex::distanceUnits, bool)
 .text._ZN3vex10drivetrain8driveForENS_13directionTypeEdNS_13distanceUnitsEdNS_13velocityUnitsEb
                0x0380532c       0xc8 c:\Users\BearRiverRobotics1\AppData\Roaming\Code\User\globalStorage\vexrobotics.vexcode\sdk\cpp\V5\V5_20240802_15_00_00/vexv5\libv5rt.a(vex_drivetrain.cpp.obj)
                0x0380532c                vex::drivetrain::driveFor(vex::directionType, double, vex::distanceUnits, double, vex::velocityUnits, bool)
 .text._ZN3vex10drivetrain8driveForEdNS_13distanceUnitsEdNS_13velocityUnitsEb
                0x038053f4       0x18 c:\Users\BearRiverRobotics1\AppData\Roaming\Code\User\globalStorage\vexrobotics.vexcode\sdk\cpp\V5\V5_20240802_15_00_00/vexv5\libv5rt.a(vex_drivetrain.cpp.obj)
                0x038053f4                vex::drivetrain::driveFor(double, vex::distanceUnits, double, vex::velocityUnits, bool)
 *fill*         0x0380540c        0x4 
 .text._ZN3vex10drivetrain11angleToRevsEdNS_13rotationUnitsE
                0x03805410       0x98 c:\Users\BearRiverRobotics1\AppData\Roaming\Code\User\globalStorage\vexrobotics.vexcode\sdk\cpp\V5\V5_20240802_15_00_00/vexv5\libv5rt.a(vex_drivetrain.cpp.obj)
                0x03805410                vex::drivetrain::angleToRevs(double, vex::rotationUnits)
 .text._ZN3vex10drivetrain7turnForENS_8turnTypeEdNS_13rotationUnitsEb
                0x038054a8       0xbc c:\Users\BearRiverRobotics1\AppData\Roaming\Code\User\globalStorage\vexrobotics.vexcode\sdk\cpp\V5\V5_20240802_15_00_00/vexv5\libv5rt.a(vex_drivetrain.cpp.obj)
                0x038054a8                vex::drivetrain::turnFor(vex::turnType, double, vex::rotationUnits, bool)
 .text._ZN3vex10drivetrain7turnForEdNS_13rotationUnitsEb
                0x03805564       0x10 c:\Users\BearRiverRobotics1\AppData\Roaming\Code\User\globalStorage\vexrobotics.vexcode\sdk\cpp\V5\V5_20240802_15_00_00/vexv5\libv5rt.a(vex_drivetrain.cpp.obj)
                0x03805564                vex::drivetrain::turnFor(double, vex::rotationUnits, bool)
 .text._ZN3vex10drivetrain7turnForENS_8turnTypeEdNS_13rotationUnitsEdNS_13velocityUnitsEb
                0x03805574       0xd0 c:\Users\BearRiverRobotics1\AppData\Roaming\Code\User\globalStorage\vexrobotics.vexcode\sdk\cpp\V5\V5_20240802_15_00_00/vexv5\libv5rt.a(vex_drivetrain.cpp.obj)
                0x03805574                vex::drivetrain::turnFor(vex::turnType, double, vex::rotationUnits, double, vex::velocityUnits, bool)
 .text._ZN3vex10drivetrain7turnForEdNS_13rotationUnitsEdNS_13velocityUnitsEb
                0x03805644       0x18 c:\Users\BearRiverRobotics1\AppData\Roaming\Code\User\globalStorage\vexrobotics.vexcode\sdk\cpp\V5\V5_20240802_15_00_00/vexv5\libv5rt.a(vex_drivetrain.cpp.obj)
                0x03805644                vex::drivetrain::turnFor(double, vex::rotationUnits, double, vex::velocityUnits, bool)
 .text.vexAdiPortConfigSet
                0x0380565c       0x28 c:\Users\BearRiverRobotics1\AppData\Roaming\Code\User\globalStorage\vexrobotics.vexcode\sdk\cpp\V5\V5_20240802_15_00_00/vexv5\libv5rt.a(v5_apiuser.c.obj)
                0x0380565c                vexAdiPortConfigSet
 .text.vexAdiPortConfigGet
                0x03805684       0x28 c:\Users\BearRiverRobotics1\AppData\Roaming\Code\User\globalStorage\vexrobotics.vexcode\sdk\cpp\V5\V5_20240802_15_00_00/vexv5\libv5rt.a(v5_apiuser.c.obj)
                0x03805684                vexAdiPortConfigGet
 .text.vexAdiValueSet
                0x038056ac       0x28 c:\Users\BearRiverRobotics1\AppData\Roaming\Code\User\globalStorage\vexrobotics.vexcode\sdk\cpp\V5\V5_20240802_15_00_00/vexv5\libv5rt.a(v5_apiuser.c.obj)
                0x038056ac                vexAdiValueSet
 .text.vexMotorVelocitySet
                0x038056d4       0x20 c:\Users\BearRiverRobotics1\AppData\Roaming\Code\User\globalStorage\vexrobotics.vexcode\sdk\cpp\V5\V5_20240802_15_00_00/vexv5\libv5rt.a(v5_apiuser.c.obj)
                0x038056d4                vexMotorVelocitySet
 .text.vexMotorVelocityGet
                0x038056f4       0x18 c:\Users\BearRiverRobotics1\AppData\Roaming\Code\User\globalStorage\vexrobotics.vexcode\sdk\cpp\V5\V5_20240802_15_00_00/vexv5\libv5rt.a(v5_apiuser.c.obj)
                0x038056f4                vexMotorVelocityGet
 .text.vexMotorActualVelocityGet
                0x0380570c       0x24 c:\Users\BearRiverRobotics1\AppData\Roaming\Code\User\globalStorage\vexrobotics.vexcode\sdk\cpp\V5\V5_20240802_15_00_00/vexv5\libv5rt.a(v5_apiuser.c.obj)
                0x0380570c                vexMotorActualVelocityGet
 .text.vexMotorModeGet
                0x03805730       0x18 c:\Users\BearRiverRobotics1\AppData\Roaming\Code\User\globalStorage\vexrobotics.vexcode\sdk\cpp\V5\V5_20240802_15_00_00/vexv5\libv5rt.a(v5_apiuser.c.obj)
                0x03805730                vexMotorModeGet
 .text.vexMotorZeroPositionFlagGet
                0x03805748       0x18 c:\Users\BearRiverRobotics1\AppData\Roaming\Code\User\globalStorage\vexrobotics.vexcode\sdk\cpp\V5\V5_20240802_15_00_00/vexv5\libv5rt.a(v5_apiuser.c.obj)
                0x03805748                vexMotorZeroPositionFlagGet
 .text.vexMotorReverseFlagSet
                0x03805760       0x20 c:\Users\BearRiverRobotics1\AppData\Roaming\Code\User\globalStorage\vexrobotics.vexcode\sdk\cpp\V5\V5_20240802_15_00_00/vexv5\libv5rt.a(v5_apiuser.c.obj)
                0x03805760                vexMotorReverseFlagSet
 .text.vexMotorEncoderUnitsSet
                0x03805780       0x20 c:\Users\BearRiverRobotics1\AppData\Roaming\Code\User\globalStorage\vexrobotics.vexcode\sdk\cpp\V5\V5_20240802_15_00_00/vexv5\libv5rt.a(v5_apiuser.c.obj)
                0x03805780                vexMotorEncoderUnitsSet
 .text.vexMotorBrakeModeSet
                0x038057a0       0x20 c:\Users\BearRiverRobotics1\AppData\Roaming\Code\User\globalStorage\vexrobotics.vexcode\sdk\cpp\V5\V5_20240802_15_00_00/vexv5\libv5rt.a(v5_apiuser.c.obj)
                0x038057a0                vexMotorBrakeModeSet
 .text.vexMotorPositionSet
                0x038057c0       0x28 c:\Users\BearRiverRobotics1\AppData\Roaming\Code\User\globalStorage\vexrobotics.vexcode\sdk\cpp\V5\V5_20240802_15_00_00/vexv5\libv5rt.a(v5_apiuser.c.obj)
                0x038057c0                vexMotorPositionSet
 .text.vexMotorRelativeTargetSet
                0x038057e8       0x30 c:\Users\BearRiverRobotics1\AppData\Roaming\Code\User\globalStorage\vexrobotics.vexcode\sdk\cpp\V5\V5_20240802_15_00_00/vexv5\libv5rt.a(v5_apiuser.c.obj)
                0x038057e8                vexMotorRelativeTargetSet
 .text.vexMotorGearingSet
                0x03805818       0x20 c:\Users\BearRiverRobotics1\AppData\Roaming\Code\User\globalStorage\vexrobotics.vexcode\sdk\cpp\V5\V5_20240802_15_00_00/vexv5\libv5rt.a(v5_apiuser.c.obj)
                0x03805818                vexMotorGearingSet
 .text.vexMotorGearingGet
                0x03805838       0x18 c:\Users\BearRiverRobotics1\AppData\Roaming\Code\User\globalStorage\vexrobotics.vexcode\sdk\cpp\V5\V5_20240802_15_00_00/vexv5\libv5rt.a(v5_apiuser.c.obj)
                0x03805838                vexMotorGearingGet
 .text.vexImuReset
                0x03805850       0x10 c:\Users\BearRiverRobotics1\AppData\Roaming\Code\User\globalStorage\vexrobotics.vexcode\sdk\cpp\V5\V5_20240802_15_00_00/vexv5\libv5rt.a(v5_apiuser.c.obj)
                0x03805850                vexImuReset
 .text.vexImuHeadingGet
                0x03805860       0x10 c:\Users\BearRiverRobotics1\AppData\Roaming\Code\User\globalStorage\vexrobotics.vexcode\sdk\cpp\V5\V5_20240802_15_00_00/vexv5\libv5rt.a(v5_apiuser.c.obj)
                0x03805860                vexImuHeadingGet
 .text.vexImuDegreesGet
                0x03805870       0x10 c:\Users\BearRiverRobotics1\AppData\Roaming\Code\User\globalStorage\vexrobotics.vexcode\sdk\cpp\V5\V5_20240802_15_00_00/vexv5\libv5rt.a(v5_apiuser.c.obj)
                0x03805870                vexImuDegreesGet
 .text.vexImuStatusGet
                0x03805880       0x10 c:\Users\BearRiverRobotics1\AppData\Roaming\Code\User\globalStorage\vexrobotics.vexcode\sdk\cpp\V5\V5_20240802_15_00_00/vexv5\libv5rt.a(v5_apiuser.c.obj)
                0x03805880                vexImuStatusGet
 .text.vexAbsEncPositionSet
                0x03805890       0x18 c:\Users\BearRiverRobotics1\AppData\Roaming\Code\User\globalStorage\vexrobotics.vexcode\sdk\cpp\V5\V5_20240802_15_00_00/vexv5\libv5rt.a(v5_apiuser.c.obj)
                0x03805890                vexAbsEncPositionSet
 .text.vexAbsEncPositionGet
                0x038058a8       0x10 c:\Users\BearRiverRobotics1\AppData\Roaming\Code\User\globalStorage\vexrobotics.vexcode\sdk\cpp\V5\V5_20240802_15_00_00/vexv5\libv5rt.a(v5_apiuser.c.obj)
                0x038058a8                vexAbsEncPositionGet
 .text.vexAbsEncAngleGet
                0x038058b8       0x10 c:\Users\BearRiverRobotics1\AppData\Roaming\Code\User\globalStorage\vexrobotics.vexcode\sdk\cpp\V5\V5_20240802_15_00_00/vexv5\libv5rt.a(v5_apiuser.c.obj)
                0x038058b8                vexAbsEncAngleGet
 .text.vexAbsEncReverseFlagSet
                0x038058c8       0x18 c:\Users\BearRiverRobotics1\AppData\Roaming\Code\User\globalStorage\vexrobotics.vexcode\sdk\cpp\V5\V5_20240802_15_00_00/vexv5\libv5rt.a(v5_apiuser.c.obj)
                0x038058c8                vexAbsEncReverseFlagSet
 .text.vexOpticalHueGet
                0x038058e0       0x10 c:\Users\BearRiverRobotics1\AppData\Roaming\Code\User\globalStorage\vexrobotics.vexcode\sdk\cpp\V5\V5_20240802_15_00_00/vexv5\libv5rt.a(v5_apiuser.c.obj)
                0x038058e0                vexOpticalHueGet
 .text.vexOpticalLedPwmSet
                0x038058f0       0x18 c:\Users\BearRiverRobotics1\AppData\Roaming\Code\User\globalStorage\vexrobotics.vexcode\sdk\cpp\V5\V5_20240802_15_00_00/vexv5\libv5rt.a(v5_apiuser.c.obj)
                0x038058f0                vexOpticalLedPwmSet
 .text.vexOpticalGestureEnable
                0x03805908       0x10 c:\Users\BearRiverRobotics1\AppData\Roaming\Code\User\globalStorage\vexrobotics.vexcode\sdk\cpp\V5\V5_20240802_15_00_00/vexv5\libv5rt.a(v5_apiuser.c.obj)
                0x03805908                vexOpticalGestureEnable
 .text.vexOpticalGestureDisable
                0x03805918       0x10 c:\Users\BearRiverRobotics1\AppData\Roaming\Code\User\globalStorage\vexrobotics.vexcode\sdk\cpp\V5\V5_20240802_15_00_00/vexv5\libv5rt.a(v5_apiuser.c.obj)
                0x03805918                vexOpticalGestureDisable
 .text.vexOpticalProximityThreshold
                0x03805928       0x18 c:\Users\BearRiverRobotics1\AppData\Roaming\Code\User\globalStorage\vexrobotics.vexcode\sdk\cpp\V5\V5_20240802_15_00_00/vexv5\libv5rt.a(v5_apiuser.c.obj)
                0x03805928                vexOpticalProximityThreshold
 .text.vexEventMaskSet
                0x03805940       0x28 c:\Users\BearRiverRobotics1\AppData\Roaming\Code\User\globalStorage\vexrobotics.vexcode\sdk\cpp\V5\V5_20240802_15_00_00/vexv5\libv5rt.a(v5_apiuser.c.obj)
                0x03805940                vexEventMaskSet
 .text.vexEventMaskGet
                0x03805968       0x18 c:\Users\BearRiverRobotics1\AppData\Roaming\Code\User\globalStorage\vexrobotics.vexcode\sdk\cpp\V5\V5_20240802_15_00_00/vexv5\libv5rt.a(v5_apiuser.c.obj)